Microchip MPLAB XC8 Compiler V2.30

Linker command line:

-W-3 --edf=C:\Program Files\Microchip\xc8\v2.30\pic\dat\en_msgs.txt -cn \
  -h+dist/CLK_32MHZ/production\CapSigGen.X.production.sym \
  --cmf=dist/CLK_32MHZ/production\CapSigGen.X.production.cmf -z -Q16F18855 \
  -oC:\Users\M19931\AppData\Local\Temp\s1qa8x2 --defsym=__MPLAB_BUILD=1 \
  -Mdist/CLK_32MHZ/production/CapSigGen.X.production.map -E1 \
  -ver=XC8 Compiler --acfsm=1493 -ASTACK=02092h-023EFh -pstack=STACK \
  -ACODE=00h-07FFhx4 -ASTRCODE=00h-01FFFh -ASTRING=00h-0FFhx32 \
  -ACONST=00h-0FFhx32 -AENTRY=00h-0FFhx32 -ACOMMON=070h-07Fh \
  -ABANK0=020h-06Fh -ABANK1=0A0h-0EFh -ABANK2=0120h-016Fh \
  -ABANK3=01A0h-01EFh -ABANK4=0220h-026Fh -ABANK5=02A0h-02EFh \
  -ABANK6=0320h-036Fh -ABANK7=03A0h-03EFh -ABANK8=0420h-046Fh \
  -ABANK9=04A0h-04EFh -ABANK10=0520h-056Fh -ABANK11=05A0h-05EFh \
  -ABANK12=0620h-064Fh -ABIGRAM=02000h-023EFh \
  -ARAM=020h-06Fh,0A0h-0EFh,0120h-016Fh,01A0h-01EFh,0220h-026Fh,02A0h-02EFh,0320h-036Fh,03A0h-03EFh,0420h-046Fh,04A0h-04EFh,0520h-056Fh,05A0h-05EFh,0620h-064Fh \
  -AABS1=020h-07Fh,0A0h-0EFh,0120h-016Fh,01A0h-01EFh,0220h-026Fh,02A0h-02EFh,0320h-036Fh,03A0h-03EFh,0420h-046Fh,04A0h-04EFh,0520h-056Fh,05A0h-05EFh,0620h-064Fh \
  -ASFR0=00h-01Fh -ASFR1=080h-09Fh -ASFR2=0100h-011Fh -ASFR3=0180h-019Fh \
  -ASFR4=0200h-021Fh -ASFR5=0280h-029Fh -ASFR6=0300h-031Fh \
  -ASFR7=0380h-039Fh -ASFR8=0400h-041Fh -ASFR9=0480h-049Fh \
  -ASFR10=0500h-051Fh -ASFR11=0580h-059Fh -ASFR12=0600h-061Fh \
  -ASFR13=0680h-06EFh -ASFR14=0700h-076Fh -ASFR15=0780h-07EFh \
  -ASFR16=0800h-086Fh -ASFR17=0880h-08EFh -ASFR18=0900h-096Fh \
  -ASFR19=0980h-09EFh -ASFR20=0A00h-0A6Fh -ASFR21=0A80h-0AEFh \
  -ASFR22=0B00h-0B6Fh -ASFR23=0B80h-0BEFh -ASFR24=0C00h-0C6Fh \
  -ASFR25=0C80h-0CEFh -ASFR26=0D00h-0D6Fh -ASFR27=0D80h-0DEFh \
  -ASFR28=0E00h-0E6Fh -ASFR29=0E80h-0EEFh -ASFR30=0F00h-0F6Fh \
  -ASFR31=0F80h-0FEFh -ACONFIG=08007h-0800Bh -DCONFIG=2 \
  -AIDLOC=08000h-08003h -DIDLOC=2 -AEEDATA=00h-0FFh/0F000h \
  -peeprom_data=EEDATA -DEEDATA=2 -DCODE=2 -DSTRCODE=2 -DSTRING=2 -DCONST=2 \
  -DENTRY=2 -preset_vec=00h,intentry=04h,init,end_init -ppowerup=CODE \
  -pcinit=CODE -pfunctab=ENTRY -k \
  C:\Users\M19931\AppData\Local\Temp\s1qa8xe.o \
  dist/CLK_32MHZ/production\CapSigGen.X.production.o 

Object code version is 3.11

Machine type is 16F18855



                Name                               Link     Load   Length Selector   Space Scale
C:\Users\M19931\AppData\Local\Temp\s1qa8xe.o
                end_init                             28       28        2        8       0
                reset_vec                             0        0        2        0       0
                config                             8007     8007        5        0       4
dist/CLK_32MHZ/production\CapSigGen.X.production.o
                cinit                                2A       2A       1A        8       0
                intentry                              4        4       24        8       0
                config                             8007     8007        5        0       4
                text33                              916      916        B     122C       0
                text32                              9BA      9BA       1B     1374       0
                text30                              95B      95B       12     12B6       0
                text29                              9A5      9A5       15     134A       0
                text28                              96D      96D       12     12DA       0
                text27                              97F      97F       12     12FE       0
                text26                              92D      92D        E     125A       0
                text25                              8ED      8ED        6     11DA       0
                text24                              9D5      9D5       1C     13AA       0
                text23                              93B      93B       10     1276       0
                text22                              90D      90D        9     121A       0
                text21                              A6C      A6C       3B     14D8       0
                text20                              905      905        8     120A       0
                text19                              8F3      8F3        6     11E6       0
                text18                              8F9      8F9        6     11F2       0
                text17                              991      991       14     1322       0
                text16                              9F1      9F1       22     13E2       0
                text15                              AF1      AF1       52     15E2       0
                text14                              921      921        C     1242       0
                text13                              7BF      7BF       3B        8       0
                text12                              4D3      4D3      1B4        8       0
                text11                              A13      A13       23     1426       0
                text10                               44       44      257        8       0
                text9                               B43      B43       75     1686       0
                text8                               AA7      AA7       4A     154E       0
                text7                               C43      C43       AD     1886       0
                text6                               A36      A36       36     146C       0
                text5                               DEC      DEC      100     1BD8       0
                text4                               EEC      EEC      114     1DD8       0
                text3                               29B      29B      238        8       0
                text2                               BB8      BB8       8B     1770       0
                text1                               CF0      CF0       FC     19E0       0
                maintext                            687      687      138        8       0
                cstackBANK0                          20       20       4F       20       1
                cstackCOMMON                         71       71        B       71       1
                cstackBANK1                          A0       A0       1C       A0       1
                clrtext                             8FF      8FF        6     11FE       0
                inittext                            7FA      7FA        6        8       0
                dataBANK1                            D2       D2       10       A0       1
                bssBANK1                             BC       BC       16       A0       1
                bssBANK0                             6F       6F        1       20       1
                bssCOMMON                            7C       7C        1       71       1
                stringtext3                        1104     1104        4     2000       0
                stringtext2                        1100     1100        4     2000       0
                stringtext1                        1000     1000      100     2000       0
                idataBANK1                          94B      94B       10     1296       0

TOTAL           Name                               Link     Load   Length     Space
        CLASS   STACK          

        CLASS   CODE           
                end_init                             28       28        2         0
                cinit                                2A       2A       1A         0
                intentry                              4        4       24         0
                reset_vec                             0        0        2         0
                text33                              916      916        B         0
                text32                              9BA      9BA       1B         0
                text30                              95B      95B       12         0
                text29                              9A5      9A5       15         0
                text28                              96D      96D       12         0
                text27                              97F      97F       12         0
                text26                              92D      92D        E         0
                text25                              8ED      8ED        6         0
                text24                              9D5      9D5       1C         0
                text23                              93B      93B       10         0
                text22                              90D      90D        9         0
                text21                              A6C      A6C       3B         0
                text20                              905      905        8         0
                text19                              8F3      8F3        6         0
                text18                              8F9      8F9        6         0
                text17                              991      991       14         0
                text16                              9F1      9F1       22         0
                text15                              AF1      AF1       52         0
                text14                              921      921        C         0
                text13                              7BF      7BF       3B         0
                text12                              4D3      4D3      1B4         0
                text11                              A13      A13       23         0
                text10                               44       44      257         0
                text9                               B43      B43       75         0
                text8                               AA7      AA7       4A         0
                text7                               C43      C43       AD         0
                text6                               A36      A36       36         0
                text5                               DEC      DEC      100         0
                text4                               EEC      EEC      114         0
                text3                               29B      29B      238         0
                text2                               BB8      BB8       8B         0
                text1                               CF0      CF0       FC         0
                maintext                            687      687      138         0
                clrtext                             8FF      8FF        6         0
                inittext                            7FA      7FA        6         0
                idataBANK1                          94B      94B       10         0

        CLASS   STRCODE        
                stringtext3                        1104     1104        4         0
                stringtext2                        1100     1100        4         0
                stringtext1                        1000     1000      100         0

        CLASS   STRING         

        CLASS   CONST          

        CLASS   ENTRY          

        CLASS   COMMON         
                cstackCOMMON                         71       71        B         1
                bssCOMMON                            7C       7C        1         1

        CLASS   BANK0          
                cstackBANK0                          20       20       4F         1
                bssBANK0                             6F       6F        1         1

        CLASS   BANK1          
                cstackBANK1                          A0       A0       1C         1
                dataBANK1                            D2       D2       10         1
                bssBANK1                             BC       BC       16         1

        CLASS   BANK2          

        CLASS   BANK3          

        CLASS   BANK4          

        CLASS   BANK5          

        CLASS   BANK6          

        CLASS   BANK7          

        CLASS   BANK8          

        CLASS   BANK9          

        CLASS   BANK10         

        CLASS   BANK11         

        CLASS   BANK12         

        CLASS   BIGRAM         

        CLASS   RAM            

        CLASS   ABS1           
                abs_s1                               70       70        1         1
                abs_s1                               7E       7E        2         1

        CLASS   SFR0           

        CLASS   SFR1           

        CLASS   SFR2           

        CLASS   SFR3           

        CLASS   SFR4           

        CLASS   SFR5           

        CLASS   SFR6           

        CLASS   SFR7           

        CLASS   SFR8           

        CLASS   SFR9           

        CLASS   SFR10          

        CLASS   SFR11          

        CLASS   SFR12          

        CLASS   SFR13          

        CLASS   SFR14          

        CLASS   SFR15          

        CLASS   SFR16          

        CLASS   SFR17          

        CLASS   SFR18          

        CLASS   SFR19          

        CLASS   SFR20          

        CLASS   SFR21          

        CLASS   SFR22          

        CLASS   SFR23          

        CLASS   SFR24          

        CLASS   SFR25          

        CLASS   SFR26          

        CLASS   SFR27          

        CLASS   SFR28          

        CLASS   SFR29          

        CLASS   SFR30          

        CLASS   SFR31          

        CLASS   CONFIG         
                config                             8007     8007        5         4

        CLASS   IDLOC          

        CLASS   EEDATA         

        CLASS   BANK31         

        CLASS   BANK30         

        CLASS   BANK29         

        CLASS   BANK28         

        CLASS   BANK27         

        CLASS   BANK26         

        CLASS   BANK25         

        CLASS   BANK24         

        CLASS   BANK23         

        CLASS   BANK22         

        CLASS   BANK21         

        CLASS   BANK20         

        CLASS   BANK19         

        CLASS   BANK18         

        CLASS   BANK17         

        CLASS   BANK16         

        CLASS   BANK15         

        CLASS   BANK14         

        CLASS   BANK13         



SEGMENTS        Name                           Load    Length   Top    Selector   Space  Class     Delta

                reset_vec                      000000  000002  000002         0       0  CODE        2
                intentry                       000004  0007FC  000800         8       0  CODE        2
                cstackBANK0                    000020  000050  000070        20       1  BANK0       1
                cstackCOMMON                   000071  00000C  00007D        71       1  COMMON      1
                cstackBANK1                    0000A0  000042  0000E2        A0       1  BANK1       1
                text25                         0008ED  000006  0008F3      11DA       0  CODE        2
                text19                         0008F3  000006  0008F9      11E6       0  CODE        2
                text18                         0008F9  000006  0008FF      11F2       0  CODE        2
                clrtext                        0008FF  000006  000905      11FE       0  CODE        2
                text20                         000905  000008  00090D      120A       0  CODE        2
                text22                         00090D  000009  000916      121A       0  CODE        2
                text33                         000916  00000B  000921      122C       0  CODE        2
                text14                         000921  00000C  00092D      1242       0  CODE        2
                text26                         00092D  00000E  00093B      125A       0  CODE        2
                text23                         00093B  000010  00094B      1276       0  CODE        2
                idataBANK1                     00094B  000010  00095B      1296       0  CODE        2
                text30                         00095B  000012  00096D      12B6       0  CODE        2
                text28                         00096D  000012  00097F      12DA       0  CODE        2
                text27                         00097F  000012  000991      12FE       0  CODE        2
                text17                         000991  000014  0009A5      1322       0  CODE        2
                text29                         0009A5  000015  0009BA      134A       0  CODE        2
                text32                         0009BA  00001B  0009D5      1374       0  CODE        2
                text24                         0009D5  00001C  0009F1      13AA       0  CODE        2
                text16                         0009F1  000022  000A13      13E2       0  CODE        2
                text11                         000A13  000023  000A36      1426       0  CODE        2
                text6                          000A36  000036  000A6C      146C       0  CODE        2
                text21                         000A6C  00003B  000AA7      14D8       0  CODE        2
                text8                          000AA7  00004A  000AF1      154E       0  CODE        2
                text15                         000AF1  000052  000B43      15E2       0  CODE        2
                text9                          000B43  000075  000BB8      1686       0  CODE        2
                text2                          000BB8  00008B  000C43      1770       0  CODE        2
                text7                          000C43  0000AD  000CF0      1886       0  CODE        2
                text1                          000CF0  0000FC  000DEC      19E0       0  CODE        2
                text5                          000DEC  000100  000EEC      1BD8       0  CODE        2
                text4                          000EEC  000114  001000      1DD8       0  CODE        2
                stringtext1                    001000  000108  001108      2000       0  STRCODE     2


UNUSED ADDRESS RANGES

        Name                Unused          Largest block    Delta
        BANK1            000E2-000EF               E           1
        BANK10           00520-0056F              50           1
        BANK11           005A0-005EF              50           1
        BANK12           00620-0064F              30           1
        BANK2            00120-0016F              50           1
        BANK3            001A0-001EF              50           1
        BANK4            00220-0026F              50           1
        BANK5            002A0-002EF              50           1
        BANK6            00320-0036F              50           1
        BANK7            003A0-003EF              50           1
        BANK8            00420-0046F              50           1
        BANK9            004A0-004EF              50           1
        BIGRAM           02000-023EF             3F0           1
        CODE             00002-00003               2           2
                         00800-008EC              ED
                         01108-01FFF             6F8
        COMMON           0007D-0007D               1           1
        CONST            00002-00003               2           2
                         00800-008EC              ED
                         01108-01FFF             100
        EEDATA           0F000-0F0FF             100           2
        ENTRY            00002-00003               2           2
                         00800-008EC              ED
                         01108-01FFF             100
        IDLOC            08000-08003               4           2
        RAM              000E2-000EF               E           1
                         00120-0016F              50
                         001A0-001EF              50
                         00220-0026F              50
                         002A0-002EF              50
                         00320-0036F              50
                         003A0-003EF              50
                         00420-0046F              50
                         004A0-004EF              50
                         00520-0056F              50
                         005A0-005EF              50
                         00620-0064F              30
        SFR0             00000-0001F              20           1
        SFR1             00080-0009F              20           1
        SFR10            00500-0051F              20           1
        SFR11            00580-0059F              20           1
        SFR12            00600-0061F              20           1
        SFR13            00680-006EF              70           1
        SFR14            00700-0076F              70           1
        SFR15            00780-007EF              70           1
        SFR16            00800-0086F              70           1
        SFR17            00880-008EF              70           1
        SFR18            00900-0096F              70           1
        SFR19            00980-009EF              70           1
        SFR2             00100-0011F              20           1
        SFR20            00A00-00A6F              70           1
        SFR21            00A80-00AEF              70           1
        SFR22            00B00-00B6F              70           1
        SFR23            00B80-00BEF              70           1
        SFR24            00C00-00C6F              70           1
        SFR25            00C80-00CEF              70           1
        SFR26            00D00-00D6F              70           1
        SFR27            00D80-00DEF              70           1
        SFR28            00E00-00E6F              70           1
        SFR29            00E80-00EEF              70           1
        SFR3             00180-0019F              20           1
        SFR30            00F00-00F6F              70           1
        SFR31            00F80-00FEF              70           1
        SFR4             00200-0021F              20           1
        SFR5             00280-0029F              20           1
        SFR6             00300-0031F              20           1
        SFR7             00380-0039F              20           1
        SFR8             00400-0041F              20           1
        SFR9             00480-0049F              20           1
        STACK            02092-023EF             35E           1
        STRCODE          00002-00003               2           2
                         00800-008EC              ED
                         01108-01FFF             EF8
        STRING           00002-00003               2           2
                         00800-008EC              ED
                         01108-01FFF             100

                                  Symbol Table

?_ADCC_GetSingleConversion                           cstackCOMMON 00072
?__Umul8_16                                          cstackCOMMON 00072
?___fladd                                            cstackBANK0  00040
?___fldiv                                            cstackBANK0  00026
?___flmul                                            cstackBANK0  00040
?___fltol                                            cstackBANK0  0005A
?___llmod                                            cstackCOMMON 00072
?___lmul                                             cstackCOMMON 00072
?___xxtofl                                           cstackCOMMON 00072
?_calculate_frequency                                cstackBANK0  00024
ADCC_GetSingleConversion@channel                     cstackCOMMON 00075
EUSART_SetTxInterruptHandler@interruptHandler        cstackCOMMON 00072
TMR0_SetInterruptHandler@InterruptHandler            cstackCOMMON 00072
_ADACCH                                              (abs)        00091
_ADACCL                                              (abs)        00090
_ADACQ                                               (abs)        0009D
_ADACT                                               (abs)        00099
_ADCAP                                               (abs)        0009B
_ADCC_GetSingleConversion                            text30       0095B
_ADCC_Initialize                                     text29       009A5
_ADCLK                                               (abs)        00098
_ADCNT                                               (abs)        0010C
_ADCON0                                              (abs)        00093
_ADCON0bits                                          (abs)        00093
_ADCON1                                              (abs)        00094
_ADCON1bits                                          (abs)        00094
_ADCON2                                              (abs)        00095
_ADCON2bits                                          (abs)        00095
_ADCON3                                              (abs)        00096
_ADCON3bits                                          (abs)        00096
_ADERRH                                              (abs)        00117
_ADERRL                                              (abs)        00116
_ADFLTRH                                             (abs)        00115
_ADFLTRL                                             (abs)        00114
_ADLTHH                                              (abs)        0010F
_ADLTHL                                              (abs)        0010E
_ADPCH                                               (abs)        0009E
_ADPRE                                               (abs)        0009C
_ADPREVH                                             (abs)        0008F
_ADPREVL                                             (abs)        0008E
_ADREF                                               (abs)        0009A
_ADRESH                                              (abs)        0008D
_ADRESL                                              (abs)        0008C
_ADRPT                                               (abs)        0010D
_ADSTAT                                              (abs)        00097
_ADSTATbits                                          (abs)        00097
_ADSTPTH                                             (abs)        00113
_ADSTPTL                                             (abs)        00112
_ADUTHH                                              (abs)        00111
_ADUTHL                                              (abs)        00110
_ANSELA                                              (abs)        00F38
_ANSELB                                              (abs)        00F43
_ANSELC                                              (abs)        00F4E
_BAUD1CON                                            (abs)        0011F
_BRG16                                               (abs)        008FB
_BRGH                                                (abs)        008F2
_CLC1CON                                             (abs)        00E10
_CLC1CONbits                                         (abs)        00E10
_CLC1GLS0                                            (abs)        00E16
_CLC1GLS1                                            (abs)        00E17
_CLC1GLS2                                            (abs)        00E18
_CLC1GLS3                                            (abs)        00E19
_CLC1POL                                             (abs)        00E11
_CLC1SEL0                                            (abs)        00E12
_CLC1SEL1                                            (abs)        00E13
_CLC1SEL2                                            (abs)        00E14
_CLC1SEL3                                            (abs)        00E15
_CLC1_Initialize                                     text28       0096D
_CLC2CON                                             (abs)        00E1A
_CLC2CONbits                                         (abs)        00E1A
_CLC2GLS0                                            (abs)        00E20
_CLC2GLS1                                            (abs)        00E21
_CLC2GLS2                                            (abs)        00E22
_CLC2GLS3                                            (abs)        00E23
_CLC2POL                                             (abs)        00E1B
_CLC2SEL0                                            (abs)        00E1C
_CLC2SEL1                                            (abs)        00E1D
_CLC2SEL2                                            (abs)        00E1E
_CLC2SEL3                                            (abs)        00E1F
_CLC2_Initialize                                     text27       0097F
_DSM_Initialize                                      text26       0092D
_EUSART_Initialize                                   text24       009D5
_EUSART_SetTxInterruptHandler                        text25       008ED
_EUSART_Transmit_ISR                                 (abs)        00000
_EUSART_TxDefaultInterruptHandler                    bssBANK1     000C6
_INTCONbits                                          (abs)        0000B
_INTERRUPT_InterruptManager                          intentry     00004
_LATA                                                (abs)        00016
_LATAbits                                            (abs)        00016
_LATB                                                (abs)        00017
_LATC                                                (abs)        00018
_LATCbits                                            (abs)        00018
_MDCARH                                              (abs)        0089B
_MDCARL                                              (abs)        0089A
_MDCON0bits                                          (abs)        00897
_MDCON1bits                                          (abs)        00898
_MDSRC                                               (abs)        00899
_NCO1ACCH                                            (abs)        0058D
_NCO1ACCL                                            (abs)        0058C
_NCO1ACCU                                            (abs)        0058E
_NCO1CLK                                             (abs)        00593
_NCO1CON                                             (abs)        00592
_NCO1CONbits                                         (abs)        00592
_NCO1INCH                                            (abs)        00590
_NCO1INCL                                            (abs)        0058F
_NCO1INCU                                            (abs)        00591
_NCO1_Initialize                                     text23       0093B
_ODCONA                                              (abs)        00F3A
_ODCONB                                              (abs)        00F45
_ODCONC                                              (abs)        00F50
_OSCCON1                                             (abs)        0088D
_OSCCON3                                             (abs)        0088F
_OSCEN                                               (abs)        00891
_OSCFRQ                                              (abs)        00893
_OSCILLATOR_Initialize                               text22       0090D
_OSCTUNE                                             (abs)        00892
_PIE0bits                                            (abs)        00716
_PIE3bits                                            (abs)        00719
_PIN_MANAGER_Initialize                              text21       00A6C
_PIR0bits                                            (abs)        0070C
_PIR3bits                                            (abs)        0070F
_PMD0                                                (abs)        00796
_PMD1                                                (abs)        00797
_PMD2                                                (abs)        00798
_PMD3                                                (abs)        00799
_PMD4                                                (abs)        0079A
_PMD5                                                (abs)        0079B
_PMD_Initialize                                      text20       00905
_PORTAbits                                           (abs)        0000C
_RB0PPS                                              (abs)        00F18
_RB1PPS                                              (abs)        00F19
_RB4PPS                                              (abs)        00F1C
_RC1REG                                              (abs)        00119
_RC1STA                                              (abs)        0011D
_RC1STAbits                                          (abs)        0011D
_RC2PPS                                              (abs)        00F22
_RC3PPS                                              (abs)        00F23
_RC5PPS                                              (abs)        00F25
_RC6PPS                                              (abs)        00F26
_RXPPSbits                                           (abs)        00ECB
_SP1BRG                                              (abs)        0011B
_SP1BRGH                                             (abs)        0011C
_SP1BRGL                                             (abs)        0011B
_SPI2_Initialize                                     text19       008F3
_SSP2BUF                                             (abs)        00196
_SSP2CLKPPSbits                                      (abs)        00EC8
_SSP2CON1                                            (abs)        0019A
_SSP2CON1bits                                        (abs)        0019A
_SSP2CON3                                            (abs)        0019C
_SSP2DATPPSbits                                      (abs)        00EC9
_SSP2SSPPSbits                                       (abs)        00ECA
_SSP2STAT                                            (abs)        00199
_SSP2STATbits                                        (abs)        00199
_SYSTEM_Initialize                                   text16       009F1
_T0CON0                                              (abs)        0001E
_T0CON0bits                                          (abs)        0001E
_T0CON1                                              (abs)        0001F
_TMR0H                                               (abs)        0001D
_TMR0L                                               (abs)        0001C
_TMR0_DefaultInterruptHandler                        (abs)        00000
_TMR0_Initialize                                     text17       00991
_TMR0_InterruptHandler                               bssBANK1     000C4
_TMR0_SetInterruptHandler                            text18       008F9
_TRISA                                               (abs)        00011
_TRISB                                               (abs)        00012
_TRISC                                               (abs)        00013
_TX1REG                                              (abs)        0011A
_TX1STA                                              (abs)        0011E
_TX1STAbits                                          (abs)        0011E
_TXPPSbits                                           (abs)        00ECC
_WPUA                                                (abs)        00F39
_WPUB                                                (abs)        00F44
_WPUC                                                (abs)        00F4F
_WPUE                                                (abs)        00F65
__Habs1                                              abs1         00000
__Hbank0                                             bank0        00000
__Hbank1                                             bank1        00000
__Hbank10                                            bank10       00000
__Hbank11                                            bank11       00000
__Hbank12                                            bank12       00000
__Hbank13                                            bank13       00000
__Hbank14                                            bank14       00000
__Hbank15                                            bank15       00000
__Hbank16                                            bank16       00000
__Hbank17                                            bank17       00000
__Hbank18                                            bank18       00000
__Hbank19                                            bank19       00000
__Hbank2                                             bank2        00000
__Hbank20                                            bank20       00000
__Hbank21                                            bank21       00000
__Hbank22                                            bank22       00000
__Hbank23                                            bank23       00000
__Hbank24                                            bank24       00000
__Hbank25                                            bank25       00000
__Hbank26                                            bank26       00000
__Hbank27                                            bank27       00000
__Hbank28                                            bank28       00000
__Hbank29                                            bank29       00000
__Hbank3                                             bank3        00000
__Hbank30                                            bank30       00000
__Hbank31                                            bank31       00000
__Hbank4                                             bank4        00000
__Hbank5                                             bank5        00000
__Hbank6                                             bank6        00000
__Hbank7                                             bank7        00000
__Hbank8                                             bank8        00000
__Hbank9                                             bank9        00000
__Hbigram                                            bigram       00000
__HbssBANK0                                          bssBANK0     00000
__HbssBANK1                                          bssBANK1     00000
__HbssCOMMON                                         bssCOMMON    00000
__Hcinit                                             cinit        00044
__Hclrtext                                           clrtext      00000
__Hcode                                              code         00000
__Hcommon                                            common       00000
__Hconfig                                            config       0800C
__HcstackBANK0                                       cstackBANK0  00000
__HcstackBANK1                                       cstackBANK1  00000
__HcstackCOMMON                                      cstackCOMMON 00000
__HdataBANK1                                         dataBANK1    00000
__Heeprom_data                                       eeprom_data  00000
__Hend_init                                          end_init     0002A
__Hfunctab                                           functab      00000
__HidataBANK1                                        idataBANK1   00000
__Hinit                                              init         00028
__Hinittext                                          inittext     00000
__Hintentry                                          intentry     00028
__Hmaintext                                          maintext     00000
__Hpowerup                                           powerup      00000
__Hram                                               ram          00000
__Hreset_vec                                         reset_vec    00002
__Hsfr0                                              sfr0         00000
__Hsfr1                                              sfr1         00000
__Hsfr10                                             sfr10        00000
__Hsfr11                                             sfr11        00000
__Hsfr12                                             sfr12        00000
__Hsfr13                                             sfr13        00000
__Hsfr14                                             sfr14        00000
__Hsfr15                                             sfr15        00000
__Hsfr16                                             sfr16        00000
__Hsfr17                                             sfr17        00000
__Hsfr18                                             sfr18        00000
__Hsfr19                                             sfr19        00000
__Hsfr2                                              sfr2         00000
__Hsfr20                                             sfr20        00000
__Hsfr21                                             sfr21        00000
__Hsfr22                                             sfr22        00000
__Hsfr23                                             sfr23        00000
__Hsfr24                                             sfr24        00000
__Hsfr25                                             sfr25        00000
__Hsfr26                                             sfr26        00000
__Hsfr27                                             sfr27        00000
__Hsfr28                                             sfr28        00000
__Hsfr29                                             sfr29        00000
__Hsfr3                                              sfr3         00000
__Hsfr30                                             sfr30        00000
__Hsfr31                                             sfr31        00000
__Hsfr4                                              sfr4         00000
__Hsfr5                                              sfr5         00000
__Hsfr6                                              sfr6         00000
__Hsfr7                                              sfr7         00000
__Hsfr8                                              sfr8         00000
__Hsfr9                                              sfr9         00000
__Hspace_0                                           (abs)        01108
__Hspace_1                                           (abs)        000E2
__Hspace_2                                           (abs)        00000
__Hspace_3                                           (abs)        00000
__Hspace_4                                           (abs)        10013
__Hstack                                             stack        00000
__Hstrings                                           strings      00000
__Hstringtext1                                       stringtext1  00000
__Hstringtext2                                       stringtext2  00000
__Hstringtext3                                       stringtext3  00000
__Htext                                              text         00000
__Labs1                                              abs1         00000
__Lbank0                                             bank0        00000
__Lbank1                                             bank1        00000
__Lbank10                                            bank10       00000
__Lbank11                                            bank11       00000
__Lbank12                                            bank12       00000
__Lbank13                                            bank13       00000
__Lbank14                                            bank14       00000
__Lbank15                                            bank15       00000
__Lbank16                                            bank16       00000
__Lbank17                                            bank17       00000
__Lbank18                                            bank18       00000
__Lbank19                                            bank19       00000
__Lbank2                                             bank2        00000
__Lbank20                                            bank20       00000
__Lbank21                                            bank21       00000
__Lbank22                                            bank22       00000
__Lbank23                                            bank23       00000
__Lbank24                                            bank24       00000
__Lbank25                                            bank25       00000
__Lbank26                                            bank26       00000
__Lbank27                                            bank27       00000
__Lbank28                                            bank28       00000
__Lbank29                                            bank29       00000
__Lbank3                                             bank3        00000
__Lbank30                                            bank30       00000
__Lbank31                                            bank31       00000
__Lbank4                                             bank4        00000
__Lbank5                                             bank5        00000
__Lbank6                                             bank6        00000
__Lbank7                                             bank7        00000
__Lbank8                                             bank8        00000
__Lbank9                                             bank9        00000
__Lbigram                                            bigram       00000
__LbssBANK0                                          bssBANK0     00000
__LbssBANK1                                          bssBANK1     00000
__LbssCOMMON                                         bssCOMMON    00000
__Lcinit                                             cinit        0002A
__Lclrtext                                           clrtext      00000
__Lcode                                              code         00000
__Lcommon                                            common       00000
__Lconfig                                            config       00000
__LcstackBANK0                                       cstackBANK0  00000
__LcstackBANK1                                       cstackBANK1  00000
__LcstackCOMMON                                      cstackCOMMON 00000
__LdataBANK1                                         dataBANK1    00000
__Leeprom_data                                       eeprom_data  00000
__Lend_init                                          end_init     00028
__Lfunctab                                           functab      00000
__LidataBANK1                                        idataBANK1   00000
__Linit                                              init         00028
__Linittext                                          inittext     00000
__Lintentry                                          intentry     00004
__Lmaintext                                          maintext     00000
__Lpowerup                                           powerup      00000
__Lram                                               ram          00000
__Lreset_vec                                         reset_vec    00000
__Lsfr0                                              sfr0         00000
__Lsfr1                                              sfr1         00000
__Lsfr10                                             sfr10        00000
__Lsfr11                                             sfr11        00000
__Lsfr12                                             sfr12        00000
__Lsfr13                                             sfr13        00000
__Lsfr14                                             sfr14        00000
__Lsfr15                                             sfr15        00000
__Lsfr16                                             sfr16        00000
__Lsfr17                                             sfr17        00000
__Lsfr18                                             sfr18        00000
__Lsfr19                                             sfr19        00000
__Lsfr2                                              sfr2         00000
__Lsfr20                                             sfr20        00000
__Lsfr21                                             sfr21        00000
__Lsfr22                                             sfr22        00000
__Lsfr23                                             sfr23        00000
__Lsfr24                                             sfr24        00000
__Lsfr25                                             sfr25        00000
__Lsfr26                                             sfr26        00000
__Lsfr27                                             sfr27        00000
__Lsfr28                                             sfr28        00000
__Lsfr29                                             sfr29        00000
__Lsfr3                                              sfr3         00000
__Lsfr30                                             sfr30        00000
__Lsfr31                                             sfr31        00000
__Lsfr4                                              sfr4         00000
__Lsfr5                                              sfr5         00000
__Lsfr6                                              sfr6         00000
__Lsfr7                                              sfr7         00000
__Lsfr8                                              sfr8         00000
__Lsfr9                                              sfr9         00000
__Lspace_0                                           (abs)        00000
__Lspace_1                                           (abs)        00000
__Lspace_2                                           (abs)        00000
__Lspace_3                                           (abs)        00000
__Lspace_4                                           (abs)        00000
__Lstack                                             stack        00000
__Lstrings                                           strings      00000
__Lstringtext1                                       stringtext1  00000
__Lstringtext2                                       stringtext2  00000
__Lstringtext3                                       stringtext3  00000
__Ltext                                              text         00000
__S0                                                 (abs)        01108
__S1                                                 (abs)        000E2
__S2                                                 (abs)        00000
__S3                                                 (abs)        00000
__Umul8_16                                           text11       00A13
__Umul8_16@multiplicand                              cstackCOMMON 00072
__Umul8_16@multiplier                                cstackCOMMON 0007A
__Umul8_16@product                                   cstackCOMMON 00076
__Umul8_16@word_mpld                                 cstackCOMMON 00078
___fladd                                             text3        0029B
___fladd@a                                           cstackBANK0  00044
___fladd@aexp                                        cstackBANK0  00051
___fladd@b                                           cstackBANK0  00040
___fladd@bexp                                        cstackBANK0  00052
___fladd@grs                                         cstackBANK0  00053
___fladd@signs                                       cstackBANK0  00050
___fldiv                                             text12       004D3
___fldiv@a                                           cstackBANK0  00026
___fldiv@aexp                                        cstackBANK0  0003F
___fldiv@b                                           cstackBANK0  0002A
___fldiv@bexp                                        cstackBANK0  0003E
___fldiv@grs                                         cstackBANK0  0003A
___fldiv@new_exp                                     cstackBANK0  00038
___fldiv@rem                                         cstackBANK0  00033
___fldiv@sign                                        cstackBANK0  00037
___flge                                              text2        00BB8
___flge@ff1                                          cstackCOMMON 00072
___flge@ff2                                          cstackCOMMON 00076
___flmul                                             text10       00044
___flmul@a                                           cstackBANK0  00044
___flmul@aexp                                        cstackBANK0  00052
___flmul@b                                           cstackBANK0  00040
___flmul@bexp                                        cstackBANK0  00053
___flmul@grs                                         cstackBANK0  0004E
___flmul@prod                                        cstackBANK0  00054
___flmul@sign                                        cstackBANK0  0004D
___flmul@temp                                        cstackBANK0  00058
___fltol                                             text9        00B43
___fltol@exp1                                        cstackBANK0  00064
___fltol@f1                                          cstackBANK0  0005A
___fltol@sign1                                       cstackBANK0  00063
___int_sp                                            stack        00000
___latbits                                           (abs)        00002
___llmod                                             text8        00AA7
___llmod@counter                                     cstackCOMMON 0007B
___llmod@dividend                                    cstackCOMMON 00076
___llmod@divisor                                     cstackCOMMON 00072
___lmul                                              text6        00A36
___lmul@multiplicand                                 cstackCOMMON 00076
___lmul@multiplier                                   cstackCOMMON 00072
___lmul@product                                      cstackBANK0  00020
___sp                                                stack        00000
___stackhi                                           (abs)        023EF
___stacklo                                           (abs)        02092
___xxtofl                                            text7        00C43
___xxtofl@arg                                        cstackBANK0  00022
___xxtofl@exp                                        cstackBANK0  00021
___xxtofl@sign                                       cstackBANK0  00020
___xxtofl@val                                        cstackCOMMON 00072
__end_of_ADCC_GetSingleConversion                    text30       0096D
__end_of_ADCC_Initialize                             text29       009BA
__end_of_CLC1_Initialize                             text28       0097F
__end_of_CLC2_Initialize                             text27       00991
__end_of_DSM_Initialize                              text26       0093B
__end_of_EUSART_Initialize                           text24       009F1
__end_of_EUSART_SetTxInterruptHandler                text25       008F3
__end_of_INTERRUPT_InterruptManager                  intentry     00028
__end_of_NCO1_Initialize                             text23       0094B
__end_of_NCO_overflow_value                          stringtext2  01104
__end_of_OSCILLATOR_Initialize                       text22       00916
__end_of_PIN_MANAGER_Initialize                      text21       00AA7
__end_of_PMD_Initialize                              text20       0090D
__end_of_SPI2_Initialize                             text19       008F9
__end_of_SYSTEM_Initialize                           text16       00A13
__end_of_TMR0_Initialize                             text17       009A5
__end_of_TMR0_SetInterruptHandler                    text18       008FF
__end_of__Umul8_16                                   text11       00A36
__end_of___fladd                                     text3        004D3
__end_of___fldiv                                     text12       00687
__end_of___flge                                      text2        00C43
__end_of___flmul                                     text10       0029B
__end_of___fltol                                     text9        00BB8
__end_of___llmod                                     text8        00AF1
__end_of___lmul                                      text6        00A6C
__end_of___xxtofl                                    text7        00CF0
__end_of__initialization                             cinit        00040
__end_of_button_pressed                              text15       00B43
__end_of_calculate_frequency                         text5        00EEC
__end_of_get_prbs                                    text33       00921
__end_of_interrupt_set_timeslots                     text32       009D5
__end_of_main                                        maintext     007BF
__end_of_modulate_signal                             text14       0092D
__end_of_mux_signal                                  text13       007FA
__end_of_prbs_array                                  stringtext1  01100
__end_of_set_signal_frequency                        text4        01000
__end_of_set_signal_modulation_frequency             text1        00DEC
__end_of_system_clock                                stringtext3  01108
__initialization                                     cinit        0002A
__pbssBANK0                                          bssBANK0     0006F
__pbssBANK1                                          bssBANK1     000BC
__pbssCOMMON                                         bssCOMMON    0007C
__pcstackBANK0                                       cstackBANK0  00020
__pcstackBANK1                                       cstackBANK1  000A0
__pcstackCOMMON                                      cstackCOMMON 00071
__pdataBANK1                                         dataBANK1    000D2
__pidataBANK1                                        idataBANK1   0094B
__pintentry                                          intentry     00004
__pmaintext                                          maintext     00687
__pstringtext1                                       stringtext1  01000
__pstringtext2                                       stringtext2  01100
__pstringtext3                                       stringtext3  01104
__ptext1                                             text1        00CF0
__ptext10                                            text10       00044
__ptext11                                            text11       00A13
__ptext12                                            text12       004D3
__ptext13                                            text13       007BF
__ptext14                                            text14       00921
__ptext15                                            text15       00AF1
__ptext16                                            text16       009F1
__ptext17                                            text17       00991
__ptext18                                            text18       008F9
__ptext19                                            text19       008F3
__ptext2                                             text2        00BB8
__ptext20                                            text20       00905
__ptext21                                            text21       00A6C
__ptext22                                            text22       0090D
__ptext23                                            text23       0093B
__ptext24                                            text24       009D5
__ptext25                                            text25       008ED
__ptext26                                            text26       0092D
__ptext27                                            text27       0097F
__ptext28                                            text28       0096D
__ptext29                                            text29       009A5
__ptext3                                             text3        0029B
__ptext30                                            text30       0095B
__ptext32                                            text32       009BA
__ptext33                                            text33       00916
__ptext4                                             text4        00EEC
__ptext5                                             text5        00DEC
__ptext6                                             text6        00A36
__ptext7                                             text7        00C43
__ptext8                                             text8        00AA7
__ptext9                                             text9        00B43
__size_of_ADCC_GetSingleConversion                   (abs)        00000
__size_of_ADCC_Initialize                            (abs)        00000
__size_of_CLC1_Initialize                            (abs)        00000
__size_of_CLC2_Initialize                            (abs)        00000
__size_of_DSM_Initialize                             (abs)        00000
__size_of_EUSART_Initialize                          (abs)        00000
__size_of_EUSART_SetTxInterruptHandler               (abs)        00000
__size_of_INTERRUPT_InterruptManager                 (abs)        00000
__size_of_NCO1_Initialize                            (abs)        00000
__size_of_OSCILLATOR_Initialize                      (abs)        00000
__size_of_PIN_MANAGER_Initialize                     (abs)        00000
__size_of_PMD_Initialize                             (abs)        00000
__size_of_SPI2_Initialize                            (abs)        00000
__size_of_SYSTEM_Initialize                          (abs)        00000
__size_of_TMR0_Initialize                            (abs)        00000
__size_of_TMR0_SetInterruptHandler                   (abs)        00000
__size_of__Umul8_16                                  (abs)        00000
__size_of___fladd                                    (abs)        00000
__size_of___fldiv                                    (abs)        00000
__size_of___flge                                     (abs)        00000
__size_of___flmul                                    (abs)        00000
__size_of___fltol                                    (abs)        00000
__size_of___llmod                                    (abs)        00000
__size_of___lmul                                     (abs)        00000
__size_of___xxtofl                                   (abs)        00000
__size_of_button_pressed                             (abs)        00000
__size_of_calculate_frequency                        (abs)        00000
__size_of_get_prbs                                   (abs)        00000
__size_of_interrupt_set_timeslots                    (abs)        00000
__size_of_main                                       (abs)        00000
__size_of_modulate_signal                            (abs)        00000
__size_of_mux_signal                                 (abs)        00000
__size_of_set_signal_frequency                       (abs)        00000
__size_of_set_signal_modulation_frequency            (abs)        00000
_button_pressed                                      text15       00AF1
_calculate_frequency                                 text5        00DEC
_eusartTxBuffer                                      bssBANK1     000BC
_eusartTxBufferRemaining                             bssBANK1     000D1
_eusartTxHead                                        bssCOMMON    0007C
_eusartTxTail                                        bssBANK0     0006F
_get_prbs                                            text33       00916
_interrupt_modulate_carrier_signal                   (abs)        00000
_interrupt_set_timeslots                             text32       009BA
_main                                                maintext     00687
_modulate_signal                                     text14       00921
_mux_signal                                          text13       007BF
_prbs_array                                          stringtext1  01000
_prbs_index                                          (abs)        00070
_set_signal_frequency                                text4        00EEC
_set_signal_frequency$2298                           cstackBANK1  000B0
_set_signal_modulation_frequency                     text1        00CF0
_set_signal_modulation_frequency$2299                cstackBANK1  000A0
_st_system                                           bssBANK1     000CF
_timeslot                                            bssBANK1     000D0
btemp                                                (abs)        0007E
button_pressed@button_debouncer                      bssBANK1     000CA
button_pressed@button_pressed                        bssBANK1     000CD
button_pressed@last_state                            bssBANK1     000CC
button_pressed@result                                bssBANK1     000CB
calculate_frequency@ad_value                         cstackBANK0  0002C
calculate_frequency@freq_select                      cstackBANK0  00038
calculate_frequency@freq_step                        cstackBANK0  0003C
calculate_frequency@start_freq                       cstackBANK0  00024
calculate_frequency@stop_freq                        cstackBANK0  00028
clear_ram0                                           clrtext      008FF
end_of_initialization                                cinit        00040
init_ram                                             inittext     007FA
int$flags                                            (abs)        0007E
interrupt_set_timeslots@count_ms_10                  bssBANK1     000C9
interrupt_set_timeslots@count_ms_50                  bssBANK1     000C8
intlevel0                                            functab      00000
intlevel1                                            functab      00000
intlevel2                                            functab      00000
intlevel3                                            functab      00000
intlevel4                                            functab      00000
intlevel5                                            functab      00000
main@freq_select_poti                                cstackBANK1  000BA
modulate_signal@enable                               cstackCOMMON 00072
mux_signal@enable                                    cstackCOMMON 00074
mux_signal@signal                                    bssBANK1     000CE
reset_vec                                            reset_vec    00000
set_signal_frequency@NCO_inc_value                   cstackBANK1  000B4
set_signal_frequency@ad_value                        cstackBANK1  000A8
set_signal_frequency@freq_select                     cstackBANK1  000AC
set_signal_frequency@start_freq                      cstackBANK1  000A0
set_signal_frequency@stop_freq                       cstackBANK1  000A4
set_signal_modulation_frequency@ad_value             cstackBANK0  0006D
set_signal_modulation_frequency@calc_spbrg           cstackBANK1  000A8
set_signal_modulation_frequency@modulation_frequency cstackBANK1  000A4
set_signal_modulation_frequency@start_freq           cstackBANK0  00065
set_signal_modulation_frequency@stop_freq            cstackBANK0  00069
start                                                init         00028
start_initialization                                 cinit        0002A
wtemp0                                               (abs)        0007E


FUNCTION INFORMATION:

 *************** function _main *****************
 Defined at:
		line 94 in file "main.c"
 Parameters:    Size  Location     Type
		None
 Auto vars:     Size  Location     Type
  freq_select_    2   26[BANK1 ] unsigned short 
 Return value:  Size  Location     Type
                  1    wreg      void 
 Registers used:
		wreg, fsr0l, fsr0h, status,2, status,0, pclath, cstack
 Tracked objects:
		On entry : 
		On exit  : 
		Unchanged: 
 Data sizes:     COMMON   BANK0   BANK1   BANK2   BANK3   BANK4   BANK5   BANK6   BANK7   BANK8   BANK9  BANK10  BANK11  BANK12
      Params:         0       0       0       0       0       0       0       0       0       0       0       0       0       0
      Locals:         0       0       2       0       0       0       0       0       0       0       0       0       0       0
      Temps:          0       0       2       0       0       0       0       0       0       0       0       0       0       0
      Totals:         0       0       4       0       0       0       0       0       0       0       0       0       0       0
Total ram usage:        4 bytes
 Hardware stack levels required when called:    5
 This function calls:
		_ADCC_GetSingleConversion
		_EUSART_SetTxInterruptHandler
		_SYSTEM_Initialize
		_TMR0_SetInterruptHandler
		_button_pressed
		_modulate_signal
		_mux_signal
		_set_signal_frequency
		_set_signal_modulation_frequency
 This function is called by:
		Startup code after reset
 This function uses a non-reentrant model


 *************** function _set_signal_modulation_frequency *****************
 Defined at:
		line 50 in file "signal.c"
 Parameters:    Size  Location     Type
  start_freq      4   69[BANK0 ] unsigned long 
  stop_freq       4   73[BANK0 ] unsigned long 
  ad_value        2   77[BANK0 ] unsigned short 
 Auto vars:     Size  Location     Type
  calc_spbrg      4    8[BANK1 ] float 
  modulation_f    4    4[BANK1 ] unsigned long 
 Return value:  Size  Location     Type
                  1    wreg      void 
 Registers used:
		wreg, status,2, status,0, pclath, cstack
 Tracked objects:
		On entry : 
		On exit  : 
		Unchanged: 
 Data sizes:     COMMON   BANK0   BANK1   BANK2   BANK3   BANK4   BANK5   BANK6   BANK7   BANK8   BANK9  BANK10  BANK11  BANK12
      Params:         0      10       0       0       0       0       0       0       0       0       0       0       0       0
      Locals:         0       0      12       0       0       0       0       0       0       0       0       0       0       0
      Temps:          0       0       0       0       0       0       0       0       0       0       0       0       0       0
      Totals:         0      10      12       0       0       0       0       0       0       0       0       0       0       0
Total ram usage:       22 bytes
 Hardware stack levels used:    1
 Hardware stack levels required when called:    4
 This function calls:
		___fladd
		___fldiv
		___flge
		___fltol
		___xxtofl
		_calculate_frequency
 This function is called by:
		_main
 This function uses a non-reentrant model


 *************** function ___flge *****************
 Defined at:
		line 4 in file "C:\Program Files\Microchip\xc8\v2.30\pic\sources\c99\common\flge.c"
 Parameters:    Size  Location     Type
  ff1             4    1[COMMON] void 
  ff2             4    5[COMMON] void 
 Auto vars:     Size  Location     Type
		None
 Return value:  Size  Location     Type
		None               void
 Registers used:
		wreg, status,2, status,0
 Tracked objects:
		On entry : 
		On exit  : 
		Unchanged: 
 Data sizes:     COMMON   BANK0   BANK1   BANK2   BANK3   BANK4   BANK5   BANK6   BANK7   BANK8   BANK9  BANK10  BANK11  BANK12
      Params:         8       0       0       0       0       0       0       0       0       0       0       0       0       0
      Locals:         0       0       0       0       0       0       0       0       0       0       0       0       0       0
      Temps:          0       4       0       0       0       0       0       0       0       0       0       0       0       0
      Totals:         8       4       0       0       0       0       0       0       0       0       0       0       0       0
Total ram usage:       12 bytes
 Hardware stack levels used:    1
 Hardware stack levels required when called:    2
 This function calls:
		Nothing
 This function is called by:
		_set_signal_modulation_frequency
 This function uses a non-reentrant model


 *************** function ___fladd *****************
 Defined at:
		line 10 in file "C:\Program Files\Microchip\xc8\v2.30\pic\sources\c99\common\sprcadd.c"
 Parameters:    Size  Location     Type
  b               4   32[BANK0 ] void 
  a               4   36[BANK0 ] void 
 Auto vars:     Size  Location     Type
  grs             1   51[BANK0 ] unsigned char 
  bexp            1   50[BANK0 ] unsigned char 
  aexp            1   49[BANK0 ] unsigned char 
  signs           1   48[BANK0 ] unsigned char 
 Return value:  Size  Location     Type
                  4   32[BANK0 ] unsigned char 
 Registers used:
		wreg, status,2, status,0
 Tracked objects:
		On entry : 
		On exit  : 
		Unchanged: 
 Data sizes:     COMMON   BANK0   BANK1   BANK2   BANK3   BANK4   BANK5   BANK6   BANK7   BANK8   BANK9  BANK10  BANK11  BANK12
      Params:         0       8       0       0       0       0       0       0       0       0       0       0       0       0
      Locals:         0       4       0       0       0       0       0       0       0       0       0       0       0       0
      Temps:          0       8       0       0       0       0       0       0       0       0       0       0       0       0
      Totals:         0      20       0       0       0       0       0       0       0       0       0       0       0       0
Total ram usage:       20 bytes
 Hardware stack levels used:    1
 Hardware stack levels required when called:    2
 This function calls:
		Nothing
 This function is called by:
		_set_signal_modulation_frequency
 This function uses a non-reentrant model


 *************** function _set_signal_frequency *****************
 Defined at:
		line 30 in file "signal.c"
 Parameters:    Size  Location     Type
  start_freq      4    0[BANK1 ] unsigned long 
  stop_freq       4    4[BANK1 ] unsigned long 
  ad_value        4    8[BANK1 ] unsigned long 
 Auto vars:     Size  Location     Type
  NCO_inc_valu    4   20[BANK1 ] unsigned long 
  freq_select     4   12[BANK1 ] unsigned long 
 Return value:  Size  Location     Type
                  1    wreg      _Bool 
 Registers used:
		wreg, status,2, status,0, pclath, cstack
 Tracked objects:
		On entry : 
		On exit  : 
		Unchanged: 
 Data sizes:     COMMON   BANK0   BANK1   BANK2   BANK3   BANK4   BANK5   BANK6   BANK7   BANK8   BANK9  BANK10  BANK11  BANK12
      Params:         0       0      12       0       0       0       0       0       0       0       0       0       0       0
      Locals:         0       0      12       0       0       0       0       0       0       0       0       0       0       0
      Temps:          0       4       0       0       0       0       0       0       0       0       0       0       0       0
      Totals:         0       4      24       0       0       0       0       0       0       0       0       0       0       0
Total ram usage:       28 bytes
 Hardware stack levels used:    1
 Hardware stack levels required when called:    4
 This function calls:
		___fldiv
		___flmul
		___fltol
		___llmod
		___xxtofl
		_calculate_frequency
 This function is called by:
		_main
 This function uses a non-reentrant model


 *************** function _calculate_frequency *****************
 Defined at:
		line 8 in file "signal.c"
 Parameters:    Size  Location     Type
  start_freq      4    4[BANK0 ] unsigned long 
  stop_freq       4    8[BANK0 ] unsigned long 
  ad_value        4   12[BANK0 ] unsigned long 
 Auto vars:     Size  Location     Type
  freq_step       4   28[BANK0 ] unsigned long 
  freq_select     4   24[BANK0 ] unsigned long 
 Return value:  Size  Location     Type
                  4    4[BANK0 ] unsigned long 
 Registers used:
		wreg, status,2, status,0, pclath, cstack
 Tracked objects:
		On entry : 
		On exit  : 
		Unchanged: 
 Data sizes:     COMMON   BANK0   BANK1   BANK2   BANK3   BANK4   BANK5   BANK6   BANK7   BANK8   BANK9  BANK10  BANK11  BANK12
      Params:         0      12       0       0       0       0       0       0       0       0       0       0       0       0
      Locals:         0       8       0       0       0       0       0       0       0       0       0       0       0       0
      Temps:          0       8       0       0       0       0       0       0       0       0       0       0       0       0
      Totals:         0      28       0       0       0       0       0       0       0       0       0       0       0       0
Total ram usage:       28 bytes
 Hardware stack levels used:    1
 Hardware stack levels required when called:    3
 This function calls:
		___lmul
 This function is called by:
		_set_signal_frequency
		_set_signal_modulation_frequency
 This function uses a non-reentrant model


 *************** function ___lmul *****************
 Defined at:
		line 15 in file "C:\Program Files\Microchip\xc8\v2.30\pic\sources\c99\common\Umul32.c"
 Parameters:    Size  Location     Type
  multiplier      4    1[COMMON] unsigned long 
  multiplicand    4    5[COMMON] unsigned long 
 Auto vars:     Size  Location     Type
  product         4    0[BANK0 ] unsigned long 
 Return value:  Size  Location     Type
                  4    1[COMMON] unsigned long 
 Registers used:
		wreg, status,2, status,0
 Tracked objects:
		On entry : 
		On exit  : 
		Unchanged: 
 Data sizes:     COMMON   BANK0   BANK1   BANK2   BANK3   BANK4   BANK5   BANK6   BANK7   BANK8   BANK9  BANK10  BANK11  BANK12
      Params:         8       0       0       0       0       0       0       0       0       0       0       0       0       0
      Locals:         0       4       0       0       0       0       0       0       0       0       0       0       0       0
      Temps:          0       0       0       0       0       0       0       0       0       0       0       0       0       0
      Totals:         8       4       0       0       0       0       0       0       0       0       0       0       0       0
Total ram usage:       12 bytes
 Hardware stack levels used:    1
 Hardware stack levels required when called:    2
 This function calls:
		Nothing
 This function is called by:
		_calculate_frequency
 This function uses a non-reentrant model


 *************** function ___xxtofl *****************
 Defined at:
		line 10 in file "C:\Program Files\Microchip\xc8\v2.30\pic\sources\c99\common\xxtofl.c"
 Parameters:    Size  Location     Type
  sign            1    wreg     unsigned char 
  val             4    1[COMMON] long 
 Auto vars:     Size  Location     Type
  sign            1    0[BANK0 ] unsigned char 
  arg             4    2[BANK0 ] unsigned long 
  exp             1    1[BANK0 ] unsigned char 
 Return value:  Size  Location     Type
                  4    1[COMMON] unsigned char 
 Registers used:
		wreg, status,2, status,0
 Tracked objects:
		On entry : 
		On exit  : 
		Unchanged: 
 Data sizes:     COMMON   BANK0   BANK1   BANK2   BANK3   BANK4   BANK5   BANK6   BANK7   BANK8   BANK9  BANK10  BANK11  BANK12
      Params:         4       0       0       0       0       0       0       0       0       0       0       0       0       0
      Locals:         0       6       0       0       0       0       0       0       0       0       0       0       0       0
[...]
      Locals:         0       0       0       0       0       0       0       0       0       0       0       0       0       0
      Temps:          0       0       0       0       0       0       0       0       0       0       0       0       0       0
      Totals:         0       0       0       0       0       0       0       0       0       0       0       0       0       0
Total ram usage:        0 bytes
 Hardware stack levels used:    1
 Hardware stack levels required when called:    2
 This function calls:
		Nothing
 This function is called by:
		_SYSTEM_Initialize
 This function uses a non-reentrant model


 *************** function _NCO1_Initialize *****************
 Defined at:
		line 58 in file "mcc_generated_files/nco1.c"
 Parameters:    Size  Location     Type
		None
 Auto vars:     Size  Location     Type
		None
 Return value:  Size  Location     Type
                  1    wreg      void 
 Registers used:
		wreg, status,2
 Tracked objects:
		On entry : 
		On exit  : 
		Unchanged: 
 Data sizes:     COMMON   BANK0   BANK1   BANK2   BANK3   BANK4   BANK5   BANK6   BANK7   BANK8   BANK9  BANK10  BANK11  BANK12
      Params:         0       0       0       0       0       0       0       0       0       0       0       0       0       0
      Locals:         0       0       0       0       0       0       0       0       0       0       0       0       0       0
      Temps:          0       0       0       0       0       0       0       0       0       0       0       0       0       0
      Totals:         0       0       0       0       0       0       0       0       0       0       0       0       0       0
Total ram usage:        0 bytes
 Hardware stack levels used:    1
 Hardware stack levels required when called:    2
 This function calls:
		Nothing
 This function is called by:
		_SYSTEM_Initialize
 This function uses a non-reentrant model


 *************** function _EUSART_Initialize *****************
 Defined at:
		line 71 in file "mcc_generated_files/eusart.c"
 Parameters:    Size  Location     Type
		None
 Auto vars:     Size  Location     Type
		None
 Return value:  Size  Location     Type
                  1    wreg      void 
 Registers used:
		wreg, status,2, status,0, pclath, cstack
 Tracked objects:
		On entry : 
		On exit  : 
		Unchanged: 
 Data sizes:     COMMON   BANK0   BANK1   BANK2   BANK3   BANK4   BANK5   BANK6   BANK7   BANK8   BANK9  BANK10  BANK11  BANK12
      Params:         0       0       0       0       0       0       0       0       0       0       0       0       0       0
      Locals:         0       0       0       0       0       0       0       0       0       0       0       0       0       0
      Temps:          1       0       0       0       0       0       0       0       0       0       0       0       0       0
      Totals:         1       0       0       0       0       0       0       0       0       0       0       0       0       0
Total ram usage:        1 bytes
 Hardware stack levels used:    1
 Hardware stack levels required when called:    3
 This function calls:
		_EUSART_SetTxInterruptHandler
 This function is called by:
		_SYSTEM_Initialize
 This function uses a non-reentrant model


 *************** function _EUSART_SetTxInterruptHandler *****************
 Defined at:
		line 178 in file "mcc_generated_files/eusart.c"
 Parameters:    Size  Location     Type
  interruptHan    2    1[COMMON] PTR FTN()void 
		 -> interrupt_modulate_carrier_signal(1), EUSART_Transmit_ISR(1), 
 Auto vars:     Size  Location     Type
		None
 Return value:  Size  Location     Type
                  1    wreg      void 
 Registers used:
		wreg
 Tracked objects:
		On entry : 
		On exit  : 
		Unchanged: 
 Data sizes:     COMMON   BANK0   BANK1   BANK2   BANK3   BANK4   BANK5   BANK6   BANK7   BANK8   BANK9  BANK10  BANK11  BANK12
      Params:         2       0       0       0       0       0       0       0       0       0       0       0       0       0
      Locals:         0       0       0       0       0       0       0       0       0       0       0       0       0       0
      Temps:          0       0       0       0       0       0       0       0       0       0       0       0       0       0
      Totals:         2       0       0       0       0       0       0       0       0       0       0       0       0       0
Total ram usage:        2 bytes
 Hardware stack levels used:    1
 Hardware stack levels required when called:    2
 This function calls:
		Nothing
 This function is called by:
		_EUSART_Initialize
		_main
 This function uses a non-reentrant model


 *************** function _DSM_Initialize *****************
 Defined at:
		line 58 in file "mcc_generated_files/dsm.c"
 Parameters:    Size  Location     Type
		None
 Auto vars:     Size  Location     Type
		None
 Return value:  Size  Location     Type
                  1    wreg      void 
 Registers used:
		wreg
 Tracked objects:
		On entry : 
		On exit  : 
		Unchanged: 
 Data sizes:     COMMON   BANK0   BANK1   BANK2   BANK3   BANK4   BANK5   BANK6   BANK7   BANK8   BANK9  BANK10  BANK11  BANK12
      Params:         0       0       0       0       0       0       0       0       0       0       0       0       0       0
      Locals:         0       0       0       0       0       0       0       0       0       0       0       0       0       0
      Temps:          0       0       0       0       0       0       0       0       0       0       0       0       0       0
      Totals:         0       0       0       0       0       0       0       0       0       0       0       0       0       0
Total ram usage:        0 bytes
 Hardware stack levels used:    1
 Hardware stack levels required when called:    2
 This function calls:
		Nothing
 This function is called by:
		_SYSTEM_Initialize
 This function uses a non-reentrant model


 *************** function _CLC2_Initialize *****************
 Defined at:
		line 58 in file "mcc_generated_files/clc2.c"
 Parameters:    Size  Location     Type
		None
 Auto vars:     Size  Location     Type
		None
 Return value:  Size  Location     Type
                  1    wreg      void 
 Registers used:
		wreg, status,2
 Tracked objects:
		On entry : 
		On exit  : 
		Unchanged: 
 Data sizes:     COMMON   BANK0   BANK1   BANK2   BANK3   BANK4   BANK5   BANK6   BANK7   BANK8   BANK9  BANK10  BANK11  BANK12
      Params:         0       0       0       0       0       0       0       0       0       0       0       0       0       0
      Locals:         0       0       0       0       0       0       0       0       0       0       0       0       0       0
      Temps:          0       0       0       0       0       0       0       0       0       0       0       0       0       0
      Totals:         0       0       0       0       0       0       0       0       0       0       0       0       0       0
Total ram usage:        0 bytes
 Hardware stack levels used:    1
 Hardware stack levels required when called:    2
 This function calls:
		Nothing
 This function is called by:
		_SYSTEM_Initialize
 This function uses a non-reentrant model


 *************** function _CLC1_Initialize *****************
 Defined at:
		line 58 in file "mcc_generated_files/clc1.c"
 Parameters:    Size  Location     Type
		None
 Auto vars:     Size  Location     Type
		None
 Return value:  Size  Location     Type
                  1    wreg      void 
 Registers used:
		wreg, status,2
 Tracked objects:
		On entry : 
		On exit  : 
		Unchanged: 
 Data sizes:     COMMON   BANK0   BANK1   BANK2   BANK3   BANK4   BANK5   BANK6   BANK7   BANK8   BANK9  BANK10  BANK11  BANK12
      Params:         0       0       0       0       0       0       0       0       0       0       0       0       0       0
      Locals:         0       0       0       0       0       0       0       0       0       0       0       0       0       0
      Temps:          0       0       0       0       0       0       0       0       0       0       0       0       0       0
      Totals:         0       0       0       0       0       0       0       0       0       0       0       0       0       0
Total ram usage:        0 bytes
 Hardware stack levels used:    1
 Hardware stack levels required when called:    2
 This function calls:
		Nothing
 This function is called by:
		_SYSTEM_Initialize
 This function uses a non-reentrant model


 *************** function _ADCC_Initialize *****************
 Defined at:
		line 63 in file "mcc_generated_files/adcc.c"
 Parameters:    Size  Location     Type
		None
 Auto vars:     Size  Location     Type
		None
 Return value:  Size  Location     Type
                  1    wreg      void 
 Registers used:
		wreg, status,2
 Tracked objects:
		On entry : 
		On exit  : 
		Unchanged: 
 Data sizes:     COMMON   BANK0   BANK1   BANK2   BANK3   BANK4   BANK5   BANK6   BANK7   BANK8   BANK9  BANK10  BANK11  BANK12
      Params:         0       0       0       0       0       0       0       0       0       0       0       0       0       0
      Locals:         0       0       0       0       0       0       0       0       0       0       0       0       0       0
      Temps:          0       0       0       0       0       0       0       0       0       0       0       0       0       0
      Totals:         0       0       0       0       0       0       0       0       0       0       0       0       0       0
Total ram usage:        0 bytes
 Hardware stack levels used:    1
 Hardware stack levels required when called:    2
 This function calls:
		Nothing
 This function is called by:
		_SYSTEM_Initialize
 This function uses a non-reentrant model


 *************** function _ADCC_GetSingleConversion *****************
 Defined at:
		line 128 in file "mcc_generated_files/adcc.c"
 Parameters:    Size  Location     Type
  channel         1    wreg     enum E11709
 Auto vars:     Size  Location     Type
  channel         1    4[COMMON] enum E11709
 Return value:  Size  Location     Type
                  2    1[COMMON] unsigned short 
 Registers used:
		wreg
 Tracked objects:
		On entry : 
		On exit  : 
		Unchanged: 
 Data sizes:     COMMON   BANK0   BANK1   BANK2   BANK3   BANK4   BANK5   BANK6   BANK7   BANK8   BANK9  BANK10  BANK11  BANK12
      Params:         3       0       0       0       0       0       0       0       0       0       0       0       0       0
      Locals:         1       0       0       0       0       0       0       0       0       0       0       0       0       0
      Temps:          0       0       0       0       0       0       0       0       0       0       0       0       0       0
      Totals:         4       0       0       0       0       0       0       0       0       0       0       0       0       0
Total ram usage:        4 bytes
 Hardware stack levels used:    1
 Hardware stack levels required when called:    2
 This function calls:
		Nothing
 This function is called by:
		_main
 This function uses a non-reentrant model


 *************** function _INTERRUPT_InterruptManager *****************
 Defined at:
		line 55 in file "mcc_generated_files/interrupt_manager.c"
 Parameters:    Size  Location     Type
		None
 Auto vars:     Size  Location     Type
		None
 Return value:  Size  Location     Type
                  1    wreg      void 
 Registers used:
		wreg, fsr0l, fsr0h, status,2, status,0, pclath, cstack
 Tracked objects:
		On entry : 
		On exit  : 
		Unchanged: 
 Data sizes:     COMMON   BANK0   BANK1   BANK2   BANK3   BANK4   BANK5   BANK6   BANK7   BANK8   BANK9  BANK10  BANK11  BANK12
      Params:         0       0       0       0       0       0       0       0       0       0       0       0       0       0
      Locals:         0       0       0       0       0       0       0       0       0       0       0       0       0       0
      Temps:          0       0       0       0       0       0       0       0       0       0       0       0       0       0
      Totals:         0       0       0       0       0       0       0       0       0       0       0       0       0       0
Total ram usage:        0 bytes
 Hardware stack levels used:    1
 Hardware stack levels required when called:    1
 This function calls:
		_get_prbs
		_interrupt_set_timeslots
 This function is called by:
		Interrupt level 1
 This function uses a non-reentrant model


 *************** function _interrupt_set_timeslots *****************
 Defined at:
		line 5 in file "timeslots.c"
 Parameters:    Size  Location     Type
		None
 Auto vars:     Size  Location     Type
		None
 Return value:  Size  Location     Type
                  1    wreg      void 
 Registers used:
		wreg, status,2, status,0
 Tracked objects:
		On entry : 
		On exit  : 
		Unchanged: 
 Data sizes:     COMMON   BANK0   BANK1   BANK2   BANK3   BANK4   BANK5   BANK6   BANK7   BANK8   BANK9  BANK10  BANK11  BANK12
      Params:         0       0       0       0       0       0       0       0       0       0       0       0       0       0
      Locals:         0       0       0       0       0       0       0       0       0       0       0       0       0       0
      Temps:          1       0       0       0       0       0       0       0       0       0       0       0       0       0
      Totals:         1       0       0       0       0       0       0       0       0       0       0       0       0       0
Total ram usage:        1 bytes
 Hardware stack levels used:    1
 This function calls:
		Nothing
 This function is called by:
		_INTERRUPT_InterruptManager
		_main
		_TMR0_ISR
 This function uses a non-reentrant model


 *************** function _get_prbs *****************
 Defined at:
		line 23 in file "prbs.c"
 Parameters:    Size  Location     Type
		None
 Auto vars:     Size  Location     Type
		None
 Return value:  Size  Location     Type
                  1    wreg      unsigned char 
 Registers used:
		wreg, fsr0l, fsr0h, pclath
 Tracked objects:
		On entry : 
		On exit  : 
		Unchanged: 
 Data sizes:     COMMON   BANK0   BANK1   BANK2   BANK3   BANK4   BANK5   BANK6   BANK7   BANK8   BANK9  BANK10  BANK11  BANK12
      Params:         0       0       0       0       0       0       0       0       0       0       0       0       0       0
      Locals:         0       0       0       0       0       0       0       0       0       0       0       0       0       0
      Temps:          0       0       0       0       0       0       0       0       0       0       0       0       0       0
      Totals:         0       0       0       0       0       0       0       0       0       0       0       0       0       0
Total ram usage:        0 bytes
 Hardware stack levels used:    1
 This function calls:
		Nothing
 This function is called by:
		_INTERRUPT_InterruptManager
		_interrupt_modulate_carrier_signal
 This function uses a non-reentrant model



MODULE INFORMATION

Module		Function		Class		Link	Load	Size
C:\Program Files\Microchip\xc8\v2.30\pic\sources\c99\common\sprcmul.c
		___flmul       		CODE           	0044	0000	599

C:\Program Files\Microchip\xc8\v2.30\pic\sources\c99\common\sprcmul.c estimated size: 599

signal.c
		_calculate_frequency		CODE           	0DEC	0000	256
		_modulate_signal		CODE           	0921	0000	12
		_set_signal_modulation_frequency		CODE           	0CF0	0000	252
		_set_signal_frequency		CODE           	0EEC	0000	276
		_mux_signal    		CODE           	07BF	0000	59

signal.c estimated size: 855

C:\Program Files\Microchip\xc8\v2.30\pic\sources\c99\common\sprcdiv.c
		___fldiv       		CODE           	04D3	0000	436

C:\Program Files\Microchip\xc8\v2.30\pic\sources\c99\common\sprcdiv.c estimated size: 436

timeslots.c
		_interrupt_set_timeslots		CODE           	09BA	0000	27

timeslots.c estimated size: 27

C:\Program Files\Microchip\xc8\v2.30\pic\sources\c99\common\llmod.c
		___llmod       		CODE           	0AA7	0000	74

C:\Program Files\Microchip\xc8\v2.30\pic\sources\c99\common\llmod.c estimated size: 74

mcc_generated_files/dsm.c
		_DSM_Initialize		CODE           	092D	0000	14

mcc_generated_files/dsm.c estimated size: 14

mcc_generated_files/interrupt_manager.c
		_INTERRUPT_InterruptManager		CODE           	0004	0000	36

mcc_generated_files/interrupt_manager.c estimated size: 36

mcc_generated_files/tmr0.c
		_TMR0_SetInterruptHandler		CODE           	08F9	0000	6
		_TMR0_Initialize		CODE           	0991	0000	20

mcc_generated_files/tmr0.c estimated size: 26

C:\Program Files\Microchip\xc8\v2.30\pic\sources\c99\common\Umul8_16.c
		__Umul8_16     		CODE           	0A13	0000	35

C:\Program Files\Microchip\xc8\v2.30\pic\sources\c99\common\Umul8_16.c estimated size: 35

mcc_generated_files/pin_manager.c
		_PIN_MANAGER_Initialize		CODE           	0A6C	0000	59

mcc_generated_files/pin_manager.c estimated size: 59

mcc_generated_files/nco1.c
		_NCO1_Initialize		CODE           	093B	0000	16

mcc_generated_files/nco1.c estimated size: 16

C:\Program Files\Microchip\xc8\v2.30\pic\sources\c99\common\sprcadd.c
		___fladd       		CODE           	029B	0000	568

C:\Program Files\Microchip\xc8\v2.30\pic\sources\c99\common\sprcadd.c estimated size: 568

mcc_generated_files/clc2.c
		_CLC2_Initialize		CODE           	097F	0000	18

mcc_generated_files/clc2.c estimated size: 18

C:\Program Files\Microchip\xc8\v2.30\pic\sources\c99\common\fltol.c
		___fltol       		CODE           	0B43	0000	117

C:\Program Files\Microchip\xc8\v2.30\pic\sources\c99\common\fltol.c estimated size: 117

C:\Program Files\Microchip\xc8\v2.30\pic\sources\c99\common\Umul32.c
		___lmul        		CODE           	0A36	0000	54

C:\Program Files\Microchip\xc8\v2.30\pic\sources\c99\common\Umul32.c estimated size: 54

C:\Program Files\Microchip\xc8\v2.30\pic\sources\c99\common\xxtofl.c
		___xxtofl      		CODE           	0C43	0000	173

C:\Program Files\Microchip\xc8\v2.30\pic\sources\c99\common\xxtofl.c estimated size: 173

shared
		_system_clock  		STRCODE        	0000	0000	0
		__initialization		CODE           	002A	0000	22
		_NCO_overflow_value		STRCODE        	0000	0000	0
		_prbs_array    		STRCODE        	1000	0000	256

shared estimated size: 278

interface.c
		_button_pressed		CODE           	0AF1	0000	82

interface.c estimated size: 82

C:\Program Files\Microchip\xc8\v2.30\pic\sources\c99\common\flge.c
		___flge        		CODE           	0BB8	0000	139

C:\Program Files\Microchip\xc8\v2.30\pic\sources\c99\common\flge.c estimated size: 139

mcc_generated_files/mcc.c
		_PMD_Initialize		CODE           	0905	0000	8
		_OSCILLATOR_Initialize		CODE           	090D	0000	9
		_SYSTEM_Initialize		CODE           	09F1	0000	34

mcc_generated_files/mcc.c estimated size: 51

prbs.c
		_get_prbs      		CODE           	0916	0000	11

prbs.c estimated size: 11

mcc_generated_files/spi2.c
		_SPI2_Initialize		CODE           	08F3	0000	6

mcc_generated_files/spi2.c estimated size: 6

mcc_generated_files/eusart.c
		_EUSART_SetTxInterruptHandler		CODE           	08ED	0000	6
		_EUSART_Initialize		CODE           	09D5	0000	28

mcc_generated_files/eusart.c estimated size: 34

mcc_generated_files/adcc.c
		_ADCC_GetSingleConversion		CODE           	095B	0000	18
		_ADCC_Initialize		CODE           	09A5	0000	21

mcc_generated_files/adcc.c estimated size: 39

main.c
		_main          		CODE           	0687	0000	312

main.c estimated size: 312

mcc_generated_files/clc1.c
		_CLC1_Initialize		CODE           	096D	0000	18

mcc_generated_files/clc1.c estimated size: 18

