Microchip MPLAB XC8 Compiler V2.20

Linker command line:

-W-3 --edf=C:\Program Files\Microchip\xc8\v2.20\pic\dat\en_msgs.txt -cn \
  -h+dist/default/production\LCTank_1704_090220.X.production.sym \
  --cmf=dist/default/production\LCTank_1704_090220.X.production.cmf -z \
  -Q16F1704 -oC:\Users\C52737\AppData\Local\Temp\s3fp0.2 \
  --defsym=__MPLAB_BUILD=1 \
  -Mdist/default/production/LCTank_1704_090220.X.production.map -E1 \
  -ver=XC8 Compiler --acfsm=1493 -ASTACK=020EDh-021EFh -pstack=STACK \
  -ACODE=00h-07FFhx2 -ASTRCODE=00h-0FFFh -ASTRING=00h-0FFhx16 \
  -ACONST=00h-0FFhx16 -AENTRY=00h-0FFhx16 -ACOMMON=070h-07Fh \
  -ABANK0=020h-06Fh -ABANK1=0A0h-0EFh -ABANK2=0120h-016Fh \
  -ABANK3=01A0h-01EFh -ABANK4=0220h-026Fh -ABANK5=02A0h-02EFh \
  -ABANK6=0320h-032Fh -ABIGRAM=02000h-021EFh \
  -ARAM=020h-06Fh,0A0h-0EFh,0120h-016Fh,01A0h-01EFh,0220h-026Fh,02A0h-02EFh,0320h-032Fh \
  -AABS1=020h-07Fh,0A0h-0EFh,0120h-016Fh,01A0h-01EFh,0220h-026Fh,02A0h-02EFh,0320h-032Fh \
  -ASFR0=00h-01Fh -ASFR1=080h-09Fh -ASFR2=0100h-011Fh -ASFR3=0180h-019Fh \
  -ASFR4=0200h-021Fh -ASFR5=0280h-029Fh -ASFR6=0300h-031Fh \
  -ASFR7=0380h-03EFh -ASFR8=0400h-046Fh -ASFR9=0480h-04EFh \
  -ASFR10=0500h-056Fh -ASFR11=0580h-05EFh -ASFR12=0600h-066Fh \
  -ASFR13=0680h-06EFh -ASFR14=0700h-076Fh -ASFR15=0780h-07EFh \
  -ASFR16=0800h-086Fh -ASFR17=0880h-08EFh -ASFR18=0900h-096Fh \
  -ASFR19=0980h-09EFh -ASFR20=0A00h-0A6Fh -ASFR21=0A80h-0AEFh \
  -ASFR22=0B00h-0B6Fh -ASFR23=0B80h-0BEFh -ASFR24=0C00h-0C6Fh \
  -ASFR25=0C80h-0CEFh -ASFR26=0D00h-0D6Fh -ASFR27=0D80h-0DEFh \
  -ASFR28=0E00h-0E6Fh -ASFR29=0E80h-0EEFh -ASFR30=0F00h-0F6Fh \
  -ASFR31=0F80h-0FEFh -ACONFIG=08007h-08008h -DCONFIG=2 \
  -AIDLOC=08000h-08003h -DIDLOC=2 \
  -preset_vec=00h,intentry=04h,init,end_init -ppowerup=CODE -pcinit=CODE \
  -pfunctab=ENTRY -DCODE=2 -DSTRCODE=2 -DSTRING=2 -DCONST=2 -DENTRY=2 -k \
  C:\Users\C52737\AppData\Local\Temp\s3fp0.o \
  dist/default/production\LCTank_1704_090220.X.production.o 

Object code version is 3.11

Machine type is 16F1704



                Name                               Link     Load   Length Selector   Space Scale
C:\Users\C52737\AppData\Local\Temp\s3fp0.o
                end_init                             19       19        2        8       0
                reset_vec                             0        0        2        0       0
                config                             8007     8007        2        0       4
dist/default/production\LCTank_1704_090220.X.production.o
                cinit                                1B       1B       25        8       0
                intentry                              4        4       15        8       0
                config                             8007     8007        2        0       4
                text37                              7AD      7AD       4C        8       0
                text36                              E18      E18       16     1C30       0
                text34                              D86      D86        9     1B0C       0
                text33                              DD4      DD4       10     1BA8       0
                text32                              DB3      DB3        A     1B66       0
                text31                              D8F      D8F        9     1B1E       0
                text30                              DF4      DF4       12     1BE8       0
                text29                              DE4      DE4       10     1BC8       0
                text28                              D5D      D5D        6     1ABA       0
                text27                              D98      D98        9     1B30       0
                text26                              DA1      DA1        9     1B42       0
                text25                              DAA      DAA        9     1B54       0
                text24                              E80      E80       24     1D00       0
                text23                              D55      D55        4     1AAA       0
                text22                              D76      D76        8     1AEC       0
                text21                              ECD      ECD       2F     1D9A       0
                text20                              E06      E06       12     1C0C       0
                text19                              D7E      D7E        8     1AFC       0
                text18                              D59      D59        4     1AB2       0
                text17                              E5E      E5E       22     1CBC       0
                text16                              752      752       5B        8       0
                text15                              EFC      EFC       34     1DF8       0
                text14                              DBD      DBD        A     1B7A       0
                text13                              D6F      D6F        7     1ADE       0
                text12                              F66      F66       41     1ECC       0
                text11                              E44      E44       1A     1C88       0
                text10                              530      530       D0        8       0
                text9                               6F5      6F5       5D        8       0
                text8                               600      600       84        8       0
                text7                               684      684       71        8       0
                text6                               EA4      EA4       29     1D48       0
                text5                               FA7      FA7       59     1F4E       0
                text4                               448      448       E8        8       0
                text3                               2EB      2EB      15D        8       0
                text2                               F30      F30       36     1E60       0
                text1                               E2E      E2E       16     1C5C       0
                maintext                             40       40      2AB        8       0
                cstackBANK0                          20       20       50       20       1
                cstackCOMMON                         70       70        6       70       1
                cstackBANK1                          A0       A0       2E       A0       1
                clrtext                             D63      D63        6     1AC6       0
                inittext                            D69      D69        6     1AD2       0
                dataBANK2                           160      160        D      120       1
                bssBANK2                            120      120       32      120       1
                bssBANK1                             CE       CE       1C       A0       1
                bssCOMMON                            76       76        5       70       1
                stringtext4                         864      864        3      FF2       0
                stringtext3                         858      858        C      FF2       0
                stringtext2                         83E      83E       1A      FF2       0
                stringtext1                         7F9      7F9       45      FF2       0
                nvBANK2                             152      152        E      120       1
                nvBANK1                              EA       EA        4       A0       1
                idataBANK2                          DC7      DC7        D     1B8E       0

TOTAL           Name                               Link     Load   Length     Space
        CLASS   STACK          

        CLASS   CODE           
                end_init                             19       19        2         0
                cinit                                1B       1B       25         0
                intentry                              4        4       15         0
                reset_vec                             0        0        2         0
                text37                              7AD      7AD       4C         0
                text36                              E18      E18       16         0
                text34                              D86      D86        9         0
                text33                              DD4      DD4       10         0
                text32                              DB3      DB3        A         0
                text31                              D8F      D8F        9         0
                text30                              DF4      DF4       12         0
                text29                              DE4      DE4       10         0
                text28                              D5D      D5D        6         0
                text27                              D98      D98        9         0
                text26                              DA1      DA1        9         0
                text25                              DAA      DAA        9         0
                text24                              E80      E80       24         0
                text23                              D55      D55        4         0
                text22                              D76      D76        8         0
                text21                              ECD      ECD       2F         0
                text20                              E06      E06       12         0
                text19                              D7E      D7E        8         0
                text18                              D59      D59        4         0
                text17                              E5E      E5E       22         0
                text16                              752      752       5B         0
                text15                              EFC      EFC       34         0
                text14                              DBD      DBD        A         0
                text13                              D6F      D6F        7         0
                text12                              F66      F66       41         0
                text11                              E44      E44       1A         0
                text10                              530      530       D0         0
                text9                               6F5      6F5       5D         0
                text8                               600      600       84         0
                text7                               684      684       71         0
                text6                               EA4      EA4       29         0
                text5                               FA7      FA7       59         0
                text4                               448      448       E8         0
                text3                               2EB      2EB      15D         0
                text2                               F30      F30       36         0
                text1                               E2E      E2E       16         0
                maintext                             40       40      2AB         0
                clrtext                             D63      D63        6         0
                inittext                            D69      D69        6         0
                idataBANK2                          DC7      DC7        D         0

        CLASS   STRCODE        
                stringtext4                         864      864        3         0
                stringtext3                         858      858        C         0
                stringtext2                         83E      83E       1A         0
                stringtext1                         7F9      7F9       45         0

        CLASS   STRING         

        CLASS   CONST          

        CLASS   ENTRY          

        CLASS   COMMON         
                cstackCOMMON                         70       70        6         1
                bssCOMMON                            76       76        5         1

        CLASS   BANK0          
                cstackBANK0                          20       20       50         1

        CLASS   BANK1          
                cstackBANK1                          A0       A0       2E         1
                bssBANK1                             CE       CE       1C         1
                nvBANK1                              EA       EA        4         1

        CLASS   BANK2          
                dataBANK2                           160      160        D         1
                bssBANK2                            120      120       32         1
                nvBANK2                             152      152        E         1

        CLASS   BANK3          

        CLASS   BANK4          

        CLASS   BANK5          

        CLASS   BANK6          

        CLASS   BIGRAM         

        CLASS   RAM            

        CLASS   ABS1           
                abs_s1                               7E       7E        2         1

        CLASS   SFR0           

        CLASS   SFR1           

        CLASS   SFR2           

        CLASS   SFR3           

        CLASS   SFR4           

        CLASS   SFR5           

        CLASS   SFR6           

        CLASS   SFR7           

        CLASS   SFR8           

        CLASS   SFR9           

        CLASS   SFR10          

        CLASS   SFR11          

        CLASS   SFR12          

        CLASS   SFR13          

        CLASS   SFR14          

        CLASS   SFR15          

        CLASS   SFR16          

        CLASS   SFR17          

        CLASS   SFR18          

        CLASS   SFR19          

        CLASS   SFR20          

        CLASS   SFR21          

        CLASS   SFR22          

        CLASS   SFR23          

        CLASS   SFR24          

        CLASS   SFR25          

        CLASS   SFR26          

        CLASS   SFR27          

        CLASS   SFR28          

        CLASS   SFR29          

        CLASS   SFR30          

        CLASS   SFR31          

        CLASS   CONFIG         
                config                             8007     8007        2         4

        CLASS   IDLOC          

        CLASS   BANK31         

        CLASS   BANK30         

        CLASS   BANK29         

        CLASS   BANK28         

        CLASS   BANK27         

        CLASS   BANK26         

        CLASS   BANK25         

        CLASS   BANK24         

        CLASS   BANK23         

        CLASS   BANK22         

        CLASS   BANK21         

        CLASS   BANK20         

        CLASS   BANK19         

        CLASS   BANK18         

        CLASS   BANK17         

        CLASS   BANK16         

        CLASS   BANK15         

        CLASS   BANK14         

        CLASS   BANK13         

        CLASS   BANK12         

        CLASS   BANK11         

        CLASS   BANK10         

        CLASS   BANK9          

        CLASS   BANK8          

        CLASS   BANK7          

        CLASS   EEDATA         



SEGMENTS        Name                           Load    Length   Top    Selector   Space  Class     Delta

                reset_vec                      000000  000002  000002         0       0  CODE        2
                intentry                       000004  0007F5  0007F9         8       0  CODE        2
                cstackBANK0                    000020  000050  000070        20       1  BANK0       1
                cstackCOMMON                   000070  00000B  00007B        70       1  COMMON      1
                cstackBANK1                    0000A0  00004E  0000EE        A0       1  BANK1       1
                bssBANK2                       000120  00004D  00016D       120       1  BANK2       1
                stringtext1                    0007F9  00006E  000867       FF2       0  STRCODE     2
                text23                         000D55  000004  000D59      1AAA       0  CODE        2
                text18                         000D59  000004  000D5D      1AB2       0  CODE        2
                text28                         000D5D  000006  000D63      1ABA       0  CODE        2
                clrtext                        000D63  000006  000D69      1AC6       0  CODE        2
                inittext                       000D69  000006  000D6F      1AD2       0  CODE        2
                text13                         000D6F  000007  000D76      1ADE       0  CODE        2
                text22                         000D76  000008  000D7E      1AEC       0  CODE        2
                text19                         000D7E  000008  000D86      1AFC       0  CODE        2
                text34                         000D86  000009  000D8F      1B0C       0  CODE        2
                text31                         000D8F  000009  000D98      1B1E       0  CODE        2
                text27                         000D98  000009  000DA1      1B30       0  CODE        2
                text26                         000DA1  000009  000DAA      1B42       0  CODE        2
                text25                         000DAA  000009  000DB3      1B54       0  CODE        2
                text32                         000DB3  00000A  000DBD      1B66       0  CODE        2
                text14                         000DBD  00000A  000DC7      1B7A       0  CODE        2
                idataBANK2                     000DC7  00000D  000DD4      1B8E       0  CODE        2
                text33                         000DD4  000010  000DE4      1BA8       0  CODE        2
                text29                         000DE4  000010  000DF4      1BC8       0  CODE        2
                text30                         000DF4  000012  000E06      1BE8       0  CODE        2
                text20                         000E06  000012  000E18      1C0C       0  CODE        2
                text36                         000E18  000016  000E2E      1C30       0  CODE        2
                text1                          000E2E  000016  000E44      1C5C       0  CODE        2
                text11                         000E44  00001A  000E5E      1C88       0  CODE        2
                text17                         000E5E  000022  000E80      1CBC       0  CODE        2
                text24                         000E80  000024  000EA4      1D00       0  CODE        2
                text6                          000EA4  000029  000ECD      1D48       0  CODE        2
                text21                         000ECD  00002F  000EFC      1D9A       0  CODE        2
                text15                         000EFC  000034  000F30      1DF8       0  CODE        2
                text2                          000F30  000036  000F66      1E60       0  CODE        2
                text12                         000F66  000041  000FA7      1ECC       0  CODE        2
                text5                          000FA7  000059  001000      1F4E       0  CODE        2


UNUSED ADDRESS RANGES

        Name                Unused          Largest block    Delta
        BANK1            000EE-000EF               2           1
        BANK2            0016D-0016F               3           1
        BANK3            001A0-001EF              50           1
        BANK4            00220-0026F              50           1
        BANK5            002A0-002EF              50           1
        BANK6            00320-0032F              10           1
        BIGRAM           02000-021EF             1F0           1
        CODE             00002-00003               2           2
                         00867-00D54             4EE
        COMMON           0007B-0007D               3           1
        CONST            00002-00003               2           2
                         00867-00D54             100
        ENTRY            00002-00003               2           2
                         00867-00D54             100
        IDLOC            08000-08003               4           2
        RAM              000EE-000EF               2           1
                         0016D-0016F               3
                         001A0-001EF              50
                         00220-0026F              50
                         002A0-002EF              50
                         00320-0032F              10
        SFR0             00000-0001F              20           1
        SFR1             00080-0009F              20           1
        SFR10            00500-0056F              70           1
        SFR11            00580-005EF              70           1
        SFR12            00600-0066F              70           1
        SFR13            00680-006EF              70           1
        SFR14            00700-0076F              70           1
        SFR15            00780-007EF              70           1
        SFR16            00800-0086F              70           1
        SFR17            00880-008EF              70           1
        SFR18            00900-0096F              70           1
        SFR19            00980-009EF              70           1
        SFR2             00100-0011F              20           1
        SFR20            00A00-00A6F              70           1
        SFR21            00A80-00AEF              70           1
        SFR22            00B00-00B6F              70           1
        SFR23            00B80-00BEF              70           1
        SFR24            00C00-00C6F              70           1
        SFR25            00C80-00CEF              70           1
        SFR26            00D00-00D6F              70           1
        SFR27            00D80-00DEF              70           1
        SFR28            00E00-00E6F              70           1
        SFR29            00E80-00EEF              70           1
        SFR3             00180-0019F              20           1
        SFR30            00F00-00F6F              70           1
        SFR31            00F80-00FEF              70           1
        SFR4             00200-0021F              20           1
        SFR5             00280-0029F              20           1
        SFR6             00300-0031F              20           1
        SFR7             00380-003EF              70           1
        SFR8             00400-0046F              70           1
        SFR9             00480-004EF              70           1
        STACK            020ED-021EF             103           1
        STRCODE          00002-00003               2           2
                         00867-00D54             4EE
        STRING           00002-00003               2           2
                         00867-00D54             100

                                  Symbol Table

?_ADC_GetConversionResult                      cstackBANK0  00020
?___lldiv                                      cstackBANK0  0002C
?___lmul                                       cstackBANK0  00020
?___lodiv                                      cstackBANK0  00020
?___lomod                                      cstackBANK0  00020
?_pad                                          cstackBANK0  00032
?_printf                                       cstackBANK1  000A5
?_stoa                                         cstackBANK0  0002A
?_strlen                                       cstackBANK0  00020
?_strncmp                                      cstackBANK0  00020
?_utoa                                         cstackBANK0  0003B
?_vfpfcnvrt                                    cstackBANK0  00053
?_vfprintf                                     cstackBANK0  0006C
ADC_SelectChannel@channel                      cstackBANK0  00021
CCP1_CaptureISR@module                         cstackCOMMON 00074
CCP1_ISR_CallBack@capturedValue                cstackCOMMON 00070
CCP1_SetCallBack@customCallBack                cstackBANK0  00020
EUSART_SetErrorHandler@interruptHandler        cstackBANK0  00020
EUSART_SetFramingErrorHandler@interruptHandler cstackBANK0  00020
EUSART_SetOverrunErrorHandler@interruptHandler cstackBANK0  00020
EUSART_Write@txData                            cstackBANK0  00020
_ADCON0                                        (abs)        0009D
_ADCON0bits                                    (abs)        0009D
_ADCON1                                        (abs)        0009E
_ADCON2                                        (abs)        0009F
_ADC_GetConversionResult                       text34       00D86
_ADC_Initialize                                text32       00DB3
_ADC_SelectChannel                             text33       00DD4
_ADRESH                                        (abs)        0009C
_ADRESL                                        (abs)        0009B
_ANSELA                                        (abs)        0018C
_ANSELC                                        (abs)        0018E
_BAUD1CON                                      (abs)        0019F
_BORCON                                        (abs)        00116
_CCP1CON                                       (abs)        00293
_CCP1PPS                                       (abs)        00E14
_CCP1_CallBack                                 nvBANK2      00156
_CCP1_CaptureISR                               text36       00E18
_CCP1_ISR_CallBack                             text37       007AD
_CCP1_Initialize                               text30       00DF4
_CCP1_SetCallBack                              text31       00D8F
_CCPR1H                                        (abs)        00292
_CCPR1L                                        (abs)        00291
_CLC2CON                                       (abs)        00F1A
_CLC2CONbits                                   (abs)        00F1A
_CLC2GLS0                                      (abs)        00F20
_CLC2GLS1                                      (abs)        00F21
_CLC2GLS2                                      (abs)        00F22
_CLC2GLS3                                      (abs)        00F23
_CLC2POL                                       (abs)        00F1B
_CLC2SEL0                                      (abs)        00F1C
_CLC2SEL1                                      (abs)        00F1D
_CLC2SEL2                                      (abs)        00F1E
_CLC2SEL3                                      (abs)        00F1F
_CLC2_Initialize                               text29       00DE4
_CLCIN0PPS                                     (abs)        00E28
_CM2CON0                                       (abs)        00113
_CM2CON1                                       (abs)        00114
_CMOUTbits                                     (abs)        00115
_CMP2_Initialize                               text28       00D5D
_EUSART_DefaultErrorHandler                    (abs)        00000
_EUSART_DefaultFramingErrorHandler             (abs)        00000
_EUSART_DefaultOverrunErrorHandler             (abs)        00000
_EUSART_ErrorHandler                           nvBANK2      0015A
_EUSART_FramingErrorHandler                    nvBANK2      0015E
_EUSART_Initialize                             text24       00E80
_EUSART_OverrunErrorHandler                    nvBANK2      0015C
_EUSART_SetErrorHandler                        text27       00D98
_EUSART_SetFramingErrorHandler                 text26       00DA1
_EUSART_SetOverrunErrorHandler                 text25       00DAA
_EUSART_Write                                  text14       00DBD
_INLVLA                                        (abs)        0038C
_INLVLC                                        (abs)        0038E
_INTCONbits                                    (abs)        0000B
_INTERRUPT_InterruptManager                    intentry     00004
_LATA                                          (abs)        0010C
_LATAbits                                      (abs)        0010C
_LATC                                          (abs)        0010E
_LCMeas                                        bssBANK1     000CE
_ODCONA                                        (abs)        0028C
_ODCONC                                        (abs)        0028E
_OPA2CON                                       (abs)        00515
_OPA2_Initialize                               text23       00D55
_OPTION_REGbits                                (abs)        00095
_OSCCON                                        (abs)        00099
_OSCILLATOR_Initialize                         text22       00D76
_OSCSTAT                                       (abs)        0009A
_OSCTUNE                                       (abs)        00098
_PIE1bits                                      (abs)        00091
_PIN_MANAGER_Initialize                        text21       00ECD
_PIR1bits                                      (abs)        00011
_PORTAbits                                     (abs)        0000C
_PR2                                           (abs)        0001B
_RA1PPS                                        (abs)        00E91
_RA2PPS                                        (abs)        00E92
_RA4PPS                                        (abs)        00E94
_RC1REG                                        (abs)        00199
_RC1STA                                        (abs)        0019D
_RC1STAbits                                    (abs)        0019D
_SLRCONA                                       (abs)        0030C
_SLRCONC                                       (abs)        0030E
_SP1BRGH                                       (abs)        0019C
_SP1BRGL                                       (abs)        0019B
_SYSTEM_Initialize                             text17       00E5E
_T1CKIPPS                                      (abs)        00E12
_T1CON                                         (abs)        00018
_T1CONbits                                     (abs)        00018
_T1GCON                                        (abs)        00019
_T1GCONbits                                    (abs)        00019
_T2CON                                         (abs)        0001C
_T2CONbits                                     (abs)        0001C
_TMR1H                                         (abs)        00017
_TMR1L                                         (abs)        00016
_TMR1_Initialize                               text20       00E06
_TMR2                                          (abs)        0001A
_TMR2_Initialize                               text19       00D7E
_TRISA                                         (abs)        0008C
_TRISC                                         (abs)        0008E
_TX1REG                                        (abs)        0019A
_TX1STA                                        (abs)        0019E
_TX1STAbits                                    (abs)        0019E
_WDTCON                                        (abs)        00097
_WDT_Initialize                                text18       00D59
_WPUA                                          (abs)        0020C
_WPUC                                          (abs)        0020E
__Habs1                                        abs1         00000
__Hbank0                                       bank0        00000
__Hbank1                                       bank1        00000
__Hbank10                                      bank10       00000
__Hbank11                                      bank11       00000
__Hbank12                                      bank12       00000
__Hbank13                                      bank13       00000
__Hbank14                                      bank14       00000
__Hbank15                                      bank15       00000
__Hbank16                                      bank16       00000
__Hbank17                                      bank17       00000
__Hbank18                                      bank18       00000
__Hbank19                                      bank19       00000
__Hbank2                                       bank2        00000
__Hbank20                                      bank20       00000
__Hbank21                                      bank21       00000
__Hbank22                                      bank22       00000
__Hbank23                                      bank23       00000
__Hbank24                                      bank24       00000
__Hbank25                                      bank25       00000
__Hbank26                                      bank26       00000
__Hbank27                                      bank27       00000
__Hbank28                                      bank28       00000
__Hbank29                                      bank29       00000
__Hbank3                                       bank3        00000
__Hbank30                                      bank30       00000
__Hbank31                                      bank31       00000
__Hbank4                                       bank4        00000
__Hbank5                                       bank5        00000
__Hbank6                                       bank6        00000
__Hbank7                                       bank7        00000
__Hbank8                                       bank8        00000
__Hbank9                                       bank9        00000
__Hbigram                                      bigram       00000
__HbssBANK1                                    bssBANK1     00000
__HbssBANK2                                    bssBANK2     00000
__HbssCOMMON                                   bssCOMMON    00000
__Hcinit                                       cinit        00040
__Hclrtext                                     clrtext      00000
__Hcode                                        code         00000
__Hcommon                                      common       00000
__Hconfig                                      config       08009
__HcstackBANK0                                 cstackBANK0  00000
__HcstackBANK1                                 cstackBANK1  00000
__HcstackCOMMON                                cstackCOMMON 00000
__HdataBANK2                                   dataBANK2    00000
__Heeprom_data                                 eeprom_data  00000
__Hend_init                                    end_init     0001B
__Hfunctab                                     functab      00000
__HidataBANK2                                  idataBANK2   00000
__Hinit                                        init         00019
__Hinittext                                    inittext     00000
__Hintentry                                    intentry     00019
__Hmaintext                                    maintext     00000
__HnvBANK1                                     nvBANK1      00000
__HnvBANK2                                     nvBANK2      00000
__Hpowerup                                     powerup      00000
__Hram                                         ram          00000
__Hreset_vec                                   reset_vec    00002
__Hsfr0                                        sfr0         00000
__Hsfr1                                        sfr1         00000
__Hsfr10                                       sfr10        00000
__Hsfr11                                       sfr11        00000
__Hsfr12                                       sfr12        00000
__Hsfr13                                       sfr13        00000
__Hsfr14                                       sfr14        00000
__Hsfr15                                       sfr15        00000
__Hsfr16                                       sfr16        00000
__Hsfr17                                       sfr17        00000
__Hsfr18                                       sfr18        00000
__Hsfr19                                       sfr19        00000
__Hsfr2                                        sfr2         00000
__Hsfr20                                       sfr20        00000
__Hsfr21                                       sfr21        00000
__Hsfr22                                       sfr22        00000
__Hsfr23                                       sfr23        00000
__Hsfr24                                       sfr24        00000
__Hsfr25                                       sfr25        00000
__Hsfr26                                       sfr26        00000
__Hsfr27                                       sfr27        00000
__Hsfr28                                       sfr28        00000
__Hsfr29                                       sfr29        00000
__Hsfr3                                        sfr3         00000
__Hsfr30                                       sfr30        00000
__Hsfr31                                       sfr31        00000
__Hsfr4                                        sfr4         00000
__Hsfr5                                        sfr5         00000
__Hsfr6                                        sfr6         00000
__Hsfr7                                        sfr7         00000
__Hsfr8                                        sfr8         00000
__Hsfr9                                        sfr9         00000
__Hspace_0                                     (abs)        01000
__Hspace_1                                     (abs)        0016D
__Hspace_2                                     (abs)        00000
__Hspace_3                                     (abs)        00000
__Hspace_4                                     (abs)        10010
__Hstack                                       stack        00000
__Hstrings                                     strings      00000
__Hstringtext1                                 stringtext1  00000
__Hstringtext2                                 stringtext2  00000
__Hstringtext3                                 stringtext3  00000
__Hstringtext4                                 stringtext4  00000
__Hstringtext5                                 stringtext5  00000
__Htext                                        text         00000
__Labs1                                        abs1         00000
__Lbank0                                       bank0        00000
__Lbank1                                       bank1        00000
__Lbank10                                      bank10       00000
__Lbank11                                      bank11       00000
__Lbank12                                      bank12       00000
__Lbank13                                      bank13       00000
__Lbank14                                      bank14       00000
__Lbank15                                      bank15       00000
__Lbank16                                      bank16       00000
__Lbank17                                      bank17       00000
__Lbank18                                      bank18       00000
__Lbank19                                      bank19       00000
__Lbank2                                       bank2        00000
__Lbank20                                      bank20       00000
__Lbank21                                      bank21       00000
__Lbank22                                      bank22       00000
__Lbank23                                      bank23       00000
__Lbank24                                      bank24       00000
__Lbank25                                      bank25       00000
__Lbank26                                      bank26       00000
__Lbank27                                      bank27       00000
__Lbank28                                      bank28       00000
__Lbank29                                      bank29       00000
__Lbank3                                       bank3        00000
__Lbank30                                      bank30       00000
__Lbank31                                      bank31       00000
__Lbank4                                       bank4        00000
__Lbank5                                       bank5        00000
__Lbank6                                       bank6        00000
__Lbank7                                       bank7        00000
__Lbank8                                       bank8        00000
__Lbank9                                       bank9        00000
__Lbigram                                      bigram       00000
__LbssBANK1                                    bssBANK1     00000
__LbssBANK2                                    bssBANK2     00000
__LbssCOMMON                                   bssCOMMON    00000
__Lcinit                                       cinit        0001B
__Lclrtext                                     clrtext      00000
__Lcode                                        code         00000
__Lcommon                                      common       00000
__Lconfig                                      config       00000
__LcstackBANK0                                 cstackBANK0  00000
__LcstackBANK1                                 cstackBANK1  00000
__LcstackCOMMON                                cstackCOMMON 00000
__LdataBANK2                                   dataBANK2    00000
__Leeprom_data                                 eeprom_data  00000
__Lend_init                                    end_init     00019
__Lfunctab                                     functab      00000
__LidataBANK2                                  idataBANK2   00000
__Linit                                        init         00019
__Linittext                                    inittext     00000
__Lintentry                                    intentry     00004
__Lmaintext                                    maintext     00000
__LnvBANK1                                     nvBANK1      00000
__LnvBANK2                                     nvBANK2      00000
__Lpowerup                                     powerup      00000
__Lram                                         ram          00000
__Lreset_vec                                   reset_vec    00000
__Lsfr0                                        sfr0         00000
__Lsfr1                                        sfr1         00000
__Lsfr10                                       sfr10        00000
__Lsfr11                                       sfr11        00000
__Lsfr12                                       sfr12        00000
__Lsfr13                                       sfr13        00000
__Lsfr14                                       sfr14        00000
__Lsfr15                                       sfr15        00000
__Lsfr16                                       sfr16        00000
__Lsfr17                                       sfr17        00000
__Lsfr18                                       sfr18        00000
__Lsfr19                                       sfr19        00000
__Lsfr2                                        sfr2         00000
__Lsfr20                                       sfr20        00000
__Lsfr21                                       sfr21        00000
__Lsfr22                                       sfr22        00000
__Lsfr23                                       sfr23        00000
__Lsfr24                                       sfr24        00000
__Lsfr25                                       sfr25        00000
__Lsfr26                                       sfr26        00000
__Lsfr27                                       sfr27        00000
__Lsfr28                                       sfr28        00000
__Lsfr29                                       sfr29        00000
__Lsfr3                                        sfr3         00000
__Lsfr30                                       sfr30        00000
__Lsfr31                                       sfr31        00000
__Lsfr4                                        sfr4         00000
__Lsfr5                                        sfr5         00000
__Lsfr6                                        sfr6         00000
__Lsfr7                                        sfr7         00000
__Lsfr8                                        sfr8         00000
__Lsfr9                                        sfr9         00000
__Lspace_0                                     (abs)        00000
__Lspace_1                                     (abs)        00000
__Lspace_2                                     (abs)        00000
__Lspace_3                                     (abs)        00000
__Lspace_4                                     (abs)        00000
__Lstack                                       stack        00000
__Lstrings                                     strings      00000
__Lstringtext1                                 stringtext1  00000
__Lstringtext2                                 stringtext2  00000
__Lstringtext3                                 stringtext3  00000
__Lstringtext4                                 stringtext4  00000
__Lstringtext5                                 stringtext5  00000
__Ltext                                        text         00000
__S0                                           (abs)        01000
__S1                                           (abs)        0016D
__S2                                           (abs)        00000
___int_sp                                      stack        00000
___latbits                                     (abs)        00001
___lldiv                                       text16       00752
___lldiv@counter                               cstackBANK0  00039
___lldiv@dividend                              cstackBANK0  00030
___lldiv@divisor                               cstackBANK0  0002C
___lldiv@quotient                              cstackBANK0  00035
___lmul                                        text15       00EFC
___lmul@multiplicand                           cstackBANK0  00024
___lmul@multiplier                             cstackBANK0  00020
___lmul@product                                cstackBANK0  00028
___lodiv                                       text8        00600
___lodiv@counter                               cstackBANK0  00039
___lodiv@dividend                              cstackBANK0  00028
___lodiv@divisor                               cstackBANK0  00020
___lodiv@quotient                              cstackBANK0  00031
___lomod                                       text7        00684
___lomod@counter                               cstackBANK0  00031
___lomod@dividend                              cstackBANK0  00028
___lomod@divisor                               cstackBANK0  00020
___sp                                          stack        00000
___stackhi                                     (abs)        021EF
___stacklo                                     (abs)        020ED
__end_of_ADC_GetConversionResult               text34       00D8F
__end_of_ADC_Initialize                        text32       00DBD
__end_of_ADC_SelectChannel                     text33       00DE4
__end_of_CCP1_CaptureISR                       text36       00E2E
__end_of_CCP1_ISR_CallBack                     text37       007F9
__end_of_CCP1_Initialize                       text30       00E06
__end_of_CCP1_SetCallBack                      text31       00D98
__end_of_CLC2_Initialize                       text29       00DF4
__end_of_CMP2_Initialize                       text28       00D63
__end_of_EUSART_Initialize                     text24       00EA4
__end_of_EUSART_SetErrorHandler                text27       00DA1
__end_of_EUSART_SetFramingErrorHandler         text26       00DAA
__end_of_EUSART_SetOverrunErrorHandler         text25       00DB3
__end_of_EUSART_Write                          text14       00DC7
__end_of_INTERRUPT_InterruptManager            intentry     00019
__end_of_OPA2_Initialize                       text23       00D59
__end_of_OSCILLATOR_Initialize                 text22       00D7E
__end_of_PIN_MANAGER_Initialize                text21       00EFC
__end_of_SYSTEM_Initialize                     text17       00E80
__end_of_TMR1_Initialize                       text20       00E18
__end_of_TMR2_Initialize                       text19       00D86
__end_of_WDT_Initialize                        text18       00D5D
__end_of___lldiv                               text16       007AD
__end_of___lmul                                text15       00F30
__end_of___lodiv                               text8        00684
__end_of___lomod                               text7        006F5
__end_of__initialization                       cinit        0003C
__end_of_fputc                                 text12       00FA7
__end_of_fputs                                 text6        00ECD
__end_of_main                                  maintext     002EB
__end_of_pad                                   text5        01000
__end_of_printf                                text1        00E44
__end_of_putch                                 text13       00D76
__end_of_stoa                                  text10       00600
__end_of_strlen                                text11       00E5E
__end_of_strncmp                               text9        00752
__end_of_utoa                                  text4        00530
__end_of_vfpfcnvrt                             text3        00448
__end_of_vfprintf                              text2        00F66
__initialization                               cinit        0001B
__pbssBANK1                                    bssBANK1     000CE
__pbssBANK2                                    bssBANK2     00120
__pbssCOMMON                                   bssCOMMON    00076
__pcstackBANK0                                 cstackBANK0  00020
__pcstackBANK1                                 cstackBANK1  000A0
__pcstackCOMMON                                cstackCOMMON 00070
__pdataBANK2                                   dataBANK2    00160
__pidataBANK2                                  idataBANK2   00DC7
__pintentry                                    intentry     00004
__pmaintext                                    maintext     00040
__pnvBANK1                                     nvBANK1      000EA
__pnvBANK2                                     nvBANK2      00152
__pstringtext1                                 stringtext1  007F9
__pstringtext2                                 stringtext2  0083E
__pstringtext3                                 stringtext3  00858
__pstringtext4                                 stringtext4  00864
__pstringtext5                                 stringtext5  00000
__ptext1                                       text1        00E2E
__ptext10                                      text10       00530
__ptext11                                      text11       00E44
__ptext12                                      text12       00F66
__ptext13                                      text13       00D6F
__ptext14                                      text14       00DBD
__ptext15                                      text15       00EFC
__ptext16                                      text16       00752
__ptext17                                      text17       00E5E
__ptext18                                      text18       00D59
__ptext19                                      text19       00D7E
__ptext2                                       text2        00F30
__ptext20                                      text20       00E06
__ptext21                                      text21       00ECD
__ptext22                                      text22       00D76
__ptext23                                      text23       00D55
__ptext24                                      text24       00E80
__ptext25                                      text25       00DAA
__ptext26                                      text26       00DA1
__ptext27                                      text27       00D98
__ptext28                                      text28       00D5D
__ptext29                                      text29       00DE4
__ptext3                                       text3        002EB
__ptext30                                      text30       00DF4
__ptext31                                      text31       00D8F
__ptext32                                      text32       00DB3
__ptext33                                      text33       00DD4
__ptext34                                      text34       00D86
__ptext36                                      text36       00E18
__ptext37                                      text37       007AD
__ptext4                                       text4        00448
__ptext5                                       text5        00FA7
__ptext6                                       text6        00EA4
__ptext7                                       text7        00684
__ptext8                                       text8        00600
__ptext9                                       text9        006F5
__size_of_ADC_GetConversionResult              (abs)        00000
__size_of_ADC_Initialize                       (abs)        00000
__size_of_ADC_SelectChannel                    (abs)        00000
__size_of_CCP1_CaptureISR                      (abs)        00000
__size_of_CCP1_ISR_CallBack                    (abs)        00000
__size_of_CCP1_Initialize                      (abs)        00000
__size_of_CCP1_SetCallBack                     (abs)        00000
__size_of_CLC2_Initialize                      (abs)        00000
__size_of_CMP2_Initialize                      (abs)        00000
__size_of_EUSART_Initialize                    (abs)        00000
__size_of_EUSART_SetErrorHandler               (abs)        00000
__size_of_EUSART_SetFramingErrorHandler        (abs)        00000
__size_of_EUSART_SetOverrunErrorHandler        (abs)        00000
__size_of_EUSART_Write                         (abs)        00000
__size_of_INTERRUPT_InterruptManager           (abs)        00000
__size_of_OPA2_Initialize                      (abs)        00000
__size_of_OSCILLATOR_Initialize                (abs)        00000
__size_of_PIN_MANAGER_Initialize               (abs)        00000
__size_of_SYSTEM_Initialize                    (abs)        00000
__size_of_TMR1_Initialize                      (abs)        00000
__size_of_TMR2_Initialize                      (abs)        00000
__size_of_WDT_Initialize                       (abs)        00000
__size_of___lldiv                              (abs)        00000
__size_of___lmul                               (abs)        00000
__size_of___lodiv                              (abs)        00000
__size_of___lomod                              (abs)        00000
__size_of_fputc                                (abs)        00000
__size_of_fputs                                (abs)        00000
__size_of_main                                 (abs)        00000
__size_of_pad                                  (abs)        00000
__size_of_printf                               (abs)        00000
__size_of_putch                                (abs)        00000
__size_of_stoa                                 (abs)        00000
__size_of_strlen                               (abs)        00000
__size_of_strncmp                              (abs)        00000
__size_of_utoa                                 (abs)        00000
__size_of_vfpfcnvrt                            (abs)        00000
__size_of_vfprintf                             (abs)        00000
_dbuf                                          bssBANK2     00132
_eusartRxLastError                             bssCOMMON    0007A
_flags                                         bssCOMMON    00078
_fputc                                         text12       00F66
_fputs                                         text6        00EA4
_freqDiff                                      bssBANK2     0012C
_freqMax                                       bssBANK1     000E6
_freqMin                                       nvBANK1      000EA
_freqPercent                                   bssBANK2     00128
_main                                          maintext     00040
_nout                                          bssBANK1     000DE
_pad                                           text5        00FA7
_peakDiff                                      bssBANK2     00124
_peakMax                                       bssBANK1     000E2
_peakMin                                       nvBANK2      00152
_peakPercent                                   bssBANK2     00120
_prec                                          bssCOMMON    00076
_printf                                        text1        00E2E
_putch                                         text13       00D6F
_stoa                                          text10       00530
_strlen                                        text11       00E44
_strncmp                                       text9        006F5
_timer1ReloadVal                               nvBANK2      00158
_utoa                                          text4        00448
_vfpfcnvrt                                     text3        002EB
_vfprintf                                      text2        00F30
_width                                         bssBANK1     000E0
btemp                                          (abs)        0007E
clear_ram0                                     clrtext      00D63
end_of_initialization                          cinit        0003C
fputc@c                                        cstackBANK0  00022
fputc@fp                                       cstackBANK0  00024
fputs@c                                        cstackBANK0  0002E
fputs@fp                                       cstackBANK0  0002A
fputs@i                                        cstackBANK0  0002F
fputs@s                                        cstackBANK0  00031
init_ram                                       inittext     00D69
int$flags                                      (abs)        0007E
intlevel0                                      functab      00000
intlevel1                                      functab      00000
intlevel2                                      functab      00000
intlevel3                                      functab      00000
intlevel4                                      functab      00000
intlevel5                                      functab      00000
main@F4566                                     dataBANK2    00167
main@button                                    cstackBANK1  000CD
main@dataVisualizer                            cstackBANK1  000C6
main@i                                         cstackBANK1  000CC
pad@buf                                        cstackBANK0  00032
pad@fp                                         cstackBANK0  0003A
pad@i                                          cstackBANK0  00036
pad@p                                          cstackBANK0  00033
pad@w                                          cstackBANK0  00038
printf@ap                                      cstackBANK1  000C1
printf@fmt                                     cstackBANK1  000A5
putch@txData                                   cstackBANK0  00021
reset_vec                                      reset_vec    00000
start                                          init         00019
start_initialization                           cinit        0001B
stoa@F1131                                     dataBANK2    00160
stoa@cp                                        cstackBANK0  0003A
stoa@fp                                        cstackBANK0  0003C
stoa@i                                         cstackBANK0  00036
stoa@l                                         cstackBANK0  0003F
stoa@nuls                                      cstackBANK0  0002F
stoa@p                                         cstackBANK0  0003D
stoa@s                                         cstackBANK0  0002A
stoa@w                                         cstackBANK0  00038
strlen@a                                       cstackBANK0  00023
strlen@s                                       cstackBANK0  00020
strncmp@_l                                     cstackBANK0  00020
strncmp@_r                                     cstackBANK0  00022
strncmp@l                                      cstackBANK0  00027
strncmp@n                                      cstackBANK0  00024
strncmp@r                                      cstackBANK0  00029
utoa@d                                         cstackBANK0  0003B
utoa@fp                                        cstackBANK0  00048
utoa@i                                         cstackBANK0  00051
utoa@n                                         cstackBANK0  00049
utoa@p                                         cstackBANK0  00044
utoa@w                                         cstackBANK0  00046
vfpfcnvrt@ap                                   cstackBANK0  00054
vfpfcnvrt@cp                                   cstackBANK0  00061
vfpfcnvrt@fmt                                  cstackBANK0  00053
vfpfcnvrt@fp                                   cstackBANK0  0006B
vfpfcnvrt@llu                                  cstackBANK0  00063
vfprintf@ap                                    cstackBANK0  0006E
vfprintf@cfmt                                  cstackBANK1  000A3
vfprintf@fmt                                   cstackBANK0  0006C
vfprintf@fp                                    cstackBANK1  000A2
wtemp0                                         (abs)        0007E


FUNCTION INFORMATION:

 *************** function _main *****************
 Defined at:
		line 54 in file "main.c"
 Parameters:    Size  Location     Type
		None
 Auto vars:     Size  Location     Type
  dataVisualiz    6   38[BANK1 ] unsigned char [6]
  button          1   45[BANK1 ] struct buttonS
  i               1   44[BANK1 ] unsigned char 
 Return value:  Size  Location     Type
                  1    wreg      void 
 Registers used:
		wreg, fsr0l, fsr0h, fsr1l, fsr1h, status,2, status,0, pclath, cstack
 Tracked objects:
		On entry : 
		On exit  : 
		Unchanged: 
 Data sizes:     COMMON   BANK0   BANK1   BANK2   BANK3   BANK4   BANK5   BANK6
      Params:         0       0       0       0       0       0       0       0
      Locals:         0       0       8       0       0       0       0       0
      Temps:          0       0       4       0       0       0       0       0
      Totals:         0       0      12       0       0       0       0       0
Total ram usage:       12 bytes
 Hardware stack levels required when called:   12
 This function calls:
		_ADC_GetConversionResult
		_ADC_SelectChannel
		_EUSART_Write
		_SYSTEM_Initialize
		___lldiv
		___lmul
		_printf
 This function is called by:
		Startup code after reset
 This function uses a non-reentrant model


 *************** function _printf *****************
 Defined at:
		line 5 in file "C:\Program Files\Microchip\xc8\v2.20\pic\sources\c99\common\printf.c"
 Parameters:    Size  Location     Type
  fmt             2    5[BANK1 ] PTR const unsigned char 
		 -> STR_3(69), STR_1(26), 
 Auto vars:     Size  Location     Type
  ret             2    0        int 
  ap              1   33[BANK1 ] PTR void [1]
		 -> ?_printf(2), 
 Return value:  Size  Location     Type
                  2    5[BANK1 ] int 
 Registers used:
		wreg, fsr0l, fsr0h, fsr1l, fsr1h, status,2, status,0, pclath, cstack
 Tracked objects:
		On entry : 
		On exit  : 
		Unchanged: 
 Data sizes:     COMMON   BANK0   BANK1   BANK2   BANK3   BANK4   BANK5   BANK6
      Params:         0       0      26       0       0       0       0       0
      Locals:         0       0       3       0       0       0       0       0
      Temps:          0       1       0       0       0       0       0       0
      Totals:         0       1      29       0       0       0       0       0
Total ram usage:       30 bytes
 Hardware stack levels used:    1
 Hardware stack levels required when called:   11
 This function calls:
		_vfprintf
 This function is called by:
		_main
 This function uses a non-reentrant model


 *************** function _vfprintf *****************
 Defined at:
		line 1368 in file "C:\Program Files\Microchip\xc8\v2.20\pic\sources\c99\common\doprnt.c"
 Parameters:    Size  Location     Type
  fp              1    wreg     PTR struct _IO_FILE
		 -> NULL(0), 
  fmt             2   76[BANK0 ] PTR const unsigned char 
		 -> STR_3(69), STR_1(26), 
  ap              1   78[BANK0 ] PTR PTR void 
		 -> printf@ap(1), 
 Auto vars:     Size  Location     Type
  fp              1    2[BANK1 ] PTR struct _IO_FILE
		 -> NULL(0), 
  cfmt            2    3[BANK1 ] PTR unsigned char 
		 -> STR_3(69), STR_1(26), 
 Return value:  Size  Location     Type
                  2   76[BANK0 ] int 
 Registers used:
		wreg, fsr0l, fsr0h, fsr1l, fsr1h, status,2, status,0, pclath, cstack
 Tracked objects:
		On entry : 
		On exit  : 
		Unchanged: 
 Data sizes:     COMMON   BANK0   BANK1   BANK2   BANK3   BANK4   BANK5   BANK6
      Params:         0       3       0       0       0       0       0       0
      Locals:         0       0       3       0       0       0       0       0
      Temps:          0       0       2       0       0       0       0       0
      Totals:         0       3       5       0       0       0       0       0
Total ram usage:        8 bytes
 Hardware stack levels used:    1
 Hardware stack levels required when called:   10
 This function calls:
		_vfpfcnvrt
 This function is called by:
		_printf
 This function uses a non-reentrant model


 *************** function _vfpfcnvrt *****************
 Defined at:
		line 670 in file "C:\Program Files\Microchip\xc8\v2.20\pic\sources\c99\common\doprnt.c"
 Parameters:    Size  Location     Type
  fp              1    wreg     PTR struct _IO_FILE
		 -> NULL(0), 
  fmt             1   51[BANK0 ] PTR PTR unsigned char 
		 -> vfprintf@cfmt(2), 
  ap              1   52[BANK0 ] PTR PTR void 
		 -> printf@ap(1), 
 Auto vars:     Size  Location     Type
  fp              1   75[BANK0 ] PTR struct _IO_FILE
		 -> NULL(0), 
  llu             8   67[BANK0 ] unsigned long long 
  ll              8    0        long long 
  f               4    0        long long 
  ct              3    0        unsigned char [3]
  cp              2   65[BANK0 ] PTR unsigned char 
		 -> ?_printf(2), STR_2(12), peakMax(4), freqMax(4), 
  vp              2    0        PTR void 
  i               2    0        int 
  done            2    0        int 
  c               1    0        unsigned char 
 Return value:  Size  Location     Type
                  2   51[BANK0 ] int 
 Registers used:
		wreg, fsr0l, fsr0h, fsr1l, fsr1h, status,2, status,0, pclath, cstack
 Tracked objects:
		On entry : 
		On exit  : 
		Unchanged: 
 Data sizes:     COMMON   BANK0   BANK1   BANK2   BANK3   BANK4   BANK5   BANK6
      Params:         0       2       0       0       0       0       0       0
      Locals:         0      11       0       0       0       0       0       0
      Temps:          0      12       0       0       0       0       0       0
      Totals:         0      25       0       0       0       0       0       0
Total ram usage:       25 bytes
 Hardware stack levels used:    1
 Hardware stack levels required when called:    9
 This function calls:
		_fputc
		_stoa
		_strncmp
		_utoa
 This function is called by:
		_vfprintf
 This function uses a non-reentrant model


 *************** function _utoa *****************
 Defined at:
		line 593 in file "C:\Program Files\Microchip\xc8\v2.20\pic\sources\c99\common\doprnt.c"
 Parameters:    Size  Location     Type
  fp              1    wreg     PTR struct _IO_FILE
		 -> NULL(0), 
  d               8   27[BANK0 ] unsigned long long 
 Auto vars:     Size  Location     Type
  fp              1   40[BANK0 ] PTR struct _IO_FILE
		 -> NULL(0), 
  n               8   41[BANK0 ] unsigned long long 
  i               2   49[BANK0 ] int 
  w               2   38[BANK0 ] int 
  p               2   36[BANK0 ] int 
 Return value:  Size  Location     Type
                  2   27[BANK0 ] int 
 Registers used:
		wreg, fsr0l, fsr0h, fsr1l, fsr1h, status,2, status,0, pclath, cstack
 Tracked objects:
		On entry : 
		On exit  : 
		Unchanged: 
 Data sizes:     COMMON   BANK0   BANK1   BANK2   BANK3   BANK4   BANK5   BANK6
      Params:         0       8       0       0       0       0       0       0
      Locals:         0      15       0       0       0       0       0       0
      Temps:          0       1       0       0       0       0       0       0
      Totals:         0      24       0       0       0       0       0       0
Total ram usage:       24 bytes
 Hardware stack levels used:    1
 Hardware stack levels required when called:    8
 This function calls:
		___lodiv
		___lomod
		_pad
 This function is called by:
		_vfpfcnvrt
 This function uses a non-reentrant model


 *************** function _pad *****************
 Defined at:
		line 72 in file "C:\Program Files\Microchip\xc8\v2.20\pic\sources\c99\common\doprnt.c"
 Parameters:    Size  Location     Type
  fp              1    wreg     PTR struct _IO_FILE
		 -> NULL(0), 
  buf             1   18[BANK0 ] PTR unsigned char 
		 -> dbuf(32), 
  p               2   19[BANK0 ] int 
 Auto vars:     Size  Location     Type
  fp              1   26[BANK0 ] PTR struct _IO_FILE
		 -> NULL(0), 
  w               2   24[BANK0 ] int 
  i               2   22[BANK0 ] int 
 Return value:  Size  Location     Type
                  2   18[BANK0 ] int 
 Registers used:
		wreg, fsr0l, fsr0h, fsr1l, fsr1h, status,2, status,0, pclath, cstack
 Tracked objects:
		On entry : 
		On exit  : 
		Unchanged: 
 Data sizes:     COMMON   BANK0   BANK1   BANK2   BANK3   BANK4   BANK5   BANK6
      Params:         0       3       0       0       0       0       0       0
      Locals:         0       5       0       0       0       0       0       0
      Temps:          0       1       0       0       0       0       0       0
      Totals:         0       9       0       0       0       0       0       0
Total ram usage:        9 bytes
 Hardware stack levels used:    1
 Hardware stack levels required when called:    7
 This function calls:
		_fputc
		_fputs
		_strlen
 This function is called by:
		_utoa
 This function uses a non-reentrant model


 *************** function _fputs *****************
 Defined at:
		line 8 in file "C:\Program Files\Microchip\xc8\v2.20\pic\sources\c99\common\nf_fputs.c"
 Parameters:    Size  Location     Type
  s               1    wreg     PTR const unsigned char 
		 -> dbuf(32), 
  fp              1   10[BANK0 ] PTR struct _IO_FILE
		 -> NULL(0), 
 Auto vars:     Size  Location     Type
  s               1   17[BANK0 ] PTR const unsigned char 
		 -> dbuf(32), 
  i               2   15[BANK0 ] int 
  c               1   14[BANK0 ] unsigned char 
 Return value:  Size  Location     Type
                  2   10[BANK0 ] int 
 Registers used:
		wreg, fsr1l, fsr1h, status,2, status,0, pclath, cstack
 Tracked objects:
		On entry : 
		On exit  : 
		Unchanged: 
 Data sizes:     COMMON   BANK0   BANK1   BANK2   BANK3   BANK4   BANK5   BANK6
      Params:         0       1       0       0       0       0       0       0
      Locals:         0       4       0       0       0       0       0       0
      Temps:          0       3       0       0       0       0       0       0
      Totals:         0       8       0       0       0       0       0       0
Total ram usage:        8 bytes
 Hardware stack levels used:    1
 Hardware stack levels required when called:    6
 This function calls:
		_fputc
 This function is called by:
		_pad
 This function uses a non-reentrant model


 *************** function ___lomod *****************
 Defined at:
		line 7 in file "C:\Program Files\Microchip\xc8\v2.20\pic\sources\c99\common\lomod.c"
 Parameters:    Size  Location     Type
  divisor         8    0[BANK0 ] unsigned long long 
  dividend        8    8[BANK0 ] unsigned long long 
 Auto vars:     Size  Location     Type
  counter         1   17[BANK0 ] unsigned char 
 Return value:  Size  Location     Type
                  8    0[BANK0 ] unsigned long long 
 Registers used:
		wreg, status,2, status,0
 Tracked objects:
		On entry : 
		On exit  : 
		Unchanged: 
 Data sizes:     COMMON   BANK0   BANK1   BANK2   BANK3   BANK4   BANK5   BANK6
      Params:         0      16       0       0       0       0       0       0
      Locals:         0       1       0       0       0       0       0       0
      Temps:          0       1       0       0       0       0       0       0
      Totals:         0      18       0       0       0       0       0       0
Total ram usage:       18 bytes
 Hardware stack levels used:    1
 Hardware stack levels required when called:    3
 This function calls:
		Nothing
 This function is called by:
		_utoa
 This function uses a non-reentrant model


 *************** function ___lodiv *****************
 Defined at:
		line 7 in file "C:\Program Files\Microchip\xc8\v2.20\pic\sources\c99\common\lodiv.c"
 Parameters:    Size  Location     Type
  divisor         8    0[BANK0 ] unsigned long long 
  dividend        8    8[BANK0 ] unsigned long long 
 Auto vars:     Size  Location     Type
  quotient        8   17[BANK0 ] unsigned long long 
  counter         1   25[BANK0 ] unsigned char 
 Return value:  Size  Location     Type
                  8    0[BANK0 ] unsigned long long 
 Registers used:
		wreg, fsr1l, fsr1h, status,2, status,0
 Tracked objects:
		On entry : 
		On exit  : 
		Unchanged: 
 Data sizes:     COMMON   BANK0   BANK1   BANK2   BANK3   BANK4   BANK5   BANK6
      Params:         0      16       0       0       0       0       0       0
      Locals:         0       9       0       0       0       0       0       0
      Temps:          0       1       0       0       0       0       0       0
      Totals:         0      26       0       0       0       0       0       0
Total ram usage:       26 bytes
 Hardware stack levels used:    1
 Hardware stack levels required when called:    3
 This function calls:
		Nothing
 This function is called by:
		_utoa
 This function uses a non-reentrant model


 *************** function _strncmp *****************
 Defined at:
		line 3 in file "C:\Program Files\Microchip\xc8\v2.20\pic\sources\c99\common\strncmp.c"
 Parameters:    Size  Location     Type
  _l              2    0[BANK0 ] PTR const unsigned char 
		 -> STR_3(69), STR_1(26), 
  _r              2    2[BANK0 ] PTR const unsigned char 
		 -> STR_6(3), 
  n               2    4[BANK0 ] unsigned int 
 Auto vars:     Size  Location     Type
  r               2    9[BANK0 ] PTR const unsigned char 
		 -> STR_6(3), 
  l               2    7[BANK0 ] PTR const unsigned char 
		 -> STR_3(69), STR_1(26), 
 Return value:  Size  Location     Type
                  2    0[BANK0 ] int 
 Registers used:
		wreg, fsr0l, fsr0h, status,2, status,0, pclath
 Tracked objects:
		On entry : 
		On exit  : 
		Unchanged: 
 Data sizes:     COMMON   BANK0   BANK1   BANK2   BANK3   BANK4   BANK5   BANK6
      Params:         0       6       0       0       0       0       0       0
      Locals:         0       4       0       0       0       0       0       0
      Temps:          0       1       0       0       0       0       0       0
      Totals:         0      11       0       0       0       0       0       0
Total ram usage:       11 bytes
 Hardware stack levels used:    1
 Hardware stack levels required when called:    3
 This function calls:
		Nothing
 This function is called by:
		_vfpfcnvrt
 This function uses a non-reentrant model


 *************** function _stoa *****************
 Defined at:
		line 546 in file "C:\Program Files\Microchip\xc8\v2.20\pic\sources\c99\common\doprnt.c"
 Parameters:    Size  Location     Type
  fp              1    wreg     PTR struct _IO_FILE
		 -> NULL(0), 
  s               2   10[BANK0 ] PTR unsigned char 
		 -> ?_printf(2), STR_2(12), peakMax(4), freqMax(4), 
 Auto vars:     Size  Location     Type
  fp              1   28[BANK0 ] PTR struct _IO_FILE
		 -> NULL(0), 
  nuls            7   15[BANK0 ] unsigned char [7]
  l               2   31[BANK0 ] int 
  p               2   29[BANK0 ] int 
  cp              2   26[BANK0 ] PTR unsigned char 
		 -> stoa@nuls(7), ?_printf(2), STR_2(12), peakMax(4), 
		 -> freqMax(4), 
  w               2   24[BANK0 ] int 
  i               2   22[BANK0 ] int 
 Return value:  Size  Location     Type
                  2   10[BANK0 ] int 
 Registers used:
		wreg, fsr0l, fsr0h, fsr1l, fsr1h, status,2, status,0, pclath, cstack
 Tracked objects:
		On entry : 
		On exit  : 
		Unchanged: 
 Data sizes:     COMMON   BANK0   BANK1   BANK2   BANK3   BANK4   BANK5   BANK6
      Params:         0       2       0       0       0       0       0       0
      Locals:         0      18       0       0       0       0       0       0
      Temps:          0       3       0       0       0       0       0       0
      Totals:         0      23       0       0       0       0       0       0
Total ram usage:       23 bytes
 Hardware stack levels used:    1
 Hardware stack levels required when called:    6
 This function calls:
		_fputc
		_strlen
 This function is called by:
		_vfpfcnvrt
 This function uses a non-reentrant model


 *************** function _strlen *****************
 Defined at:
		line 5 in file "C:\Program Files\Microchip\xc8\v2.20\pic\sources\c99\common\strlen.c"
 Parameters:    Size  Location     Type
  s               2    0[BANK0 ] PTR const unsigned char 
		 -> dbuf(32), stoa@nuls(7), ?_printf(2), STR_2(12), 
		 -> peakMax(4), freqMax(4), 
 Auto vars:     Size  Location     Type
  a               2    3[BANK0 ] PTR const unsigned char 
		 -> dbuf(32), stoa@nuls(7), ?_printf(2), STR_2(12), 
		 -> peakMax(4), freqMax(4), 
 Return value:  Size  Location     Type
                  2    0[BANK0 ] unsigned int 
 Registers used:
		wreg, fsr0l, fsr0h, status,2, status,0
 Tracked objects:
		On entry : 
		On exit  : 
		Unchanged: 
 Data sizes:     COMMON   BANK0   BANK1   BANK2   BANK3   BANK4   BANK5   BANK6
      Params:         0       2       0       0       0       0       0       0
      Locals:         0       2       0       0       0       0       0       0
      Temps:          0       1       0       0       0       0       0       0
      Totals:         0       5       0       0       0       0       0       0
Total ram usage:        5 bytes
 Hardware stack levels used:    1
 Hardware stack levels required when called:    3
 This function calls:
		Nothing
 This function is called by:
		_pad
		_stoa
 This function uses a non-reentrant model


[...]
 Tracked objects:
		On entry : 
		On exit  : 
		Unchanged: 
 Data sizes:     COMMON   BANK0   BANK1   BANK2   BANK3   BANK4   BANK5   BANK6
      Params:         0       0       0       0       0       0       0       0
      Locals:         0       0       0       0       0       0       0       0
      Temps:          0       0       0       0       0       0       0       0
      Totals:         0       0       0       0       0       0       0       0
Total ram usage:        0 bytes
 Hardware stack levels used:    1
 Hardware stack levels required when called:    4
 This function calls:
		_EUSART_SetErrorHandler
		_EUSART_SetFramingErrorHandler
		_EUSART_SetOverrunErrorHandler
 This function is called by:
		_SYSTEM_Initialize
 This function uses a non-reentrant model


 *************** function _EUSART_SetOverrunErrorHandler *****************
 Defined at:
		line 170 in file "mcc_generated_files/eusart.c"
 Parameters:    Size  Location     Type
  interruptHan    2    0[BANK0 ] PTR FTN()void 
		 -> EUSART_DefaultOverrunErrorHandler(1), 
 Auto vars:     Size  Location     Type
		None
 Return value:  Size  Location     Type
                  1    wreg      void 
 Registers used:
		wreg
 Tracked objects:
		On entry : 
		On exit  : 
		Unchanged: 
 Data sizes:     COMMON   BANK0   BANK1   BANK2   BANK3   BANK4   BANK5   BANK6
      Params:         0       2       0       0       0       0       0       0
      Locals:         0       0       0       0       0       0       0       0
      Temps:          0       0       0       0       0       0       0       0
      Totals:         0       2       0       0       0       0       0       0
Total ram usage:        2 bytes
 Hardware stack levels used:    1
 Hardware stack levels required when called:    3
 This function calls:
		Nothing
 This function is called by:
		_EUSART_Initialize
 This function uses a non-reentrant model


 *************** function _EUSART_SetFramingErrorHandler *****************
 Defined at:
		line 166 in file "mcc_generated_files/eusart.c"
 Parameters:    Size  Location     Type
  interruptHan    2    0[BANK0 ] PTR FTN()void 
		 -> EUSART_DefaultFramingErrorHandler(1), 
 Auto vars:     Size  Location     Type
		None
 Return value:  Size  Location     Type
                  1    wreg      void 
 Registers used:
		wreg
 Tracked objects:
		On entry : 
		On exit  : 
		Unchanged: 
 Data sizes:     COMMON   BANK0   BANK1   BANK2   BANK3   BANK4   BANK5   BANK6
      Params:         0       2       0       0       0       0       0       0
      Locals:         0       0       0       0       0       0       0       0
      Temps:          0       0       0       0       0       0       0       0
      Totals:         0       2       0       0       0       0       0       0
Total ram usage:        2 bytes
 Hardware stack levels used:    1
 Hardware stack levels required when called:    3
 This function calls:
		Nothing
 This function is called by:
		_EUSART_Initialize
 This function uses a non-reentrant model


 *************** function _EUSART_SetErrorHandler *****************
 Defined at:
		line 174 in file "mcc_generated_files/eusart.c"
 Parameters:    Size  Location     Type
  interruptHan    2    0[BANK0 ] PTR FTN()void 
		 -> EUSART_DefaultErrorHandler(1), 
 Auto vars:     Size  Location     Type
		None
 Return value:  Size  Location     Type
                  1    wreg      void 
 Registers used:
		wreg
 Tracked objects:
		On entry : 
		On exit  : 
		Unchanged: 
 Data sizes:     COMMON   BANK0   BANK1   BANK2   BANK3   BANK4   BANK5   BANK6
      Params:         0       2       0       0       0       0       0       0
      Locals:         0       0       0       0       0       0       0       0
      Temps:          0       0       0       0       0       0       0       0
      Totals:         0       2       0       0       0       0       0       0
Total ram usage:        2 bytes
 Hardware stack levels used:    1
 Hardware stack levels required when called:    3
 This function calls:
		Nothing
 This function is called by:
		_EUSART_Initialize
 This function uses a non-reentrant model


 *************** function _CMP2_Initialize *****************
 Defined at:
		line 58 in file "mcc_generated_files/cmp2.c"
 Parameters:    Size  Location     Type
		None
 Auto vars:     Size  Location     Type
		None
 Return value:  Size  Location     Type
                  1    wreg      void 
 Registers used:
		wreg
 Tracked objects:
		On entry : 
		On exit  : 
		Unchanged: 
 Data sizes:     COMMON   BANK0   BANK1   BANK2   BANK3   BANK4   BANK5   BANK6
      Params:         0       0       0       0       0       0       0       0
      Locals:         0       0       0       0       0       0       0       0
      Temps:          0       0       0       0       0       0       0       0
      Totals:         0       0       0       0       0       0       0       0
Total ram usage:        0 bytes
 Hardware stack levels used:    1
 Hardware stack levels required when called:    3
 This function calls:
		Nothing
 This function is called by:
		_SYSTEM_Initialize
 This function uses a non-reentrant model


 *************** function _CLC2_Initialize *****************
 Defined at:
		line 58 in file "mcc_generated_files/clc2.c"
 Parameters:    Size  Location     Type
		None
 Auto vars:     Size  Location     Type
		None
 Return value:  Size  Location     Type
                  1    wreg      void 
 Registers used:
		wreg, status,2
 Tracked objects:
		On entry : 
		On exit  : 
		Unchanged: 
 Data sizes:     COMMON   BANK0   BANK1   BANK2   BANK3   BANK4   BANK5   BANK6
      Params:         0       0       0       0       0       0       0       0
      Locals:         0       0       0       0       0       0       0       0
      Temps:          0       0       0       0       0       0       0       0
      Totals:         0       0       0       0       0       0       0       0
Total ram usage:        0 bytes
 Hardware stack levels used:    1
 Hardware stack levels required when called:    3
 This function calls:
		Nothing
 This function is called by:
		_SYSTEM_Initialize
 This function uses a non-reentrant model


 *************** function _CCP1_Initialize *****************
 Defined at:
		line 65 in file "mcc_generated_files/ccp1.c"
 Parameters:    Size  Location     Type
		None
 Auto vars:     Size  Location     Type
		None
 Return value:  Size  Location     Type
                  1    wreg      void 
 Registers used:
		wreg, status,2, status,0, pclath, cstack
 Tracked objects:
		On entry : 
		On exit  : 
		Unchanged: 
 Data sizes:     COMMON   BANK0   BANK1   BANK2   BANK3   BANK4   BANK5   BANK6
      Params:         0       0       0       0       0       0       0       0
      Locals:         0       0       0       0       0       0       0       0
      Temps:          0       0       0       0       0       0       0       0
      Totals:         0       0       0       0       0       0       0       0
Total ram usage:        0 bytes
 Hardware stack levels used:    1
 Hardware stack levels required when called:    4
 This function calls:
		_CCP1_SetCallBack
 This function is called by:
		_SYSTEM_Initialize
 This function uses a non-reentrant model


 *************** function _CCP1_SetCallBack *****************
 Defined at:
		line 104 in file "mcc_generated_files/ccp1.c"
 Parameters:    Size  Location     Type
  customCallBa    2    0[BANK0 ] PTR FTN(unsigned short ,
		 -> CCP1_ISR_CallBack(1), 
 Auto vars:     Size  Location     Type
		None
 Return value:  Size  Location     Type
                  1    wreg      void 
 Registers used:
		wreg
 Tracked objects:
		On entry : 
		On exit  : 
		Unchanged: 
 Data sizes:     COMMON   BANK0   BANK1   BANK2   BANK3   BANK4   BANK5   BANK6
      Params:         0       2       0       0       0       0       0       0
      Locals:         0       0       0       0       0       0       0       0
      Temps:          0       0       0       0       0       0       0       0
      Totals:         0       2       0       0       0       0       0       0
Total ram usage:        2 bytes
 Hardware stack levels used:    1
 Hardware stack levels required when called:    3
 This function calls:
		Nothing
 This function is called by:
		_CCP1_Initialize
 This function uses a non-reentrant model


 *************** function _ADC_Initialize *****************
 Defined at:
		line 67 in file "mcc_generated_files/adc.c"
 Parameters:    Size  Location     Type
		None
 Auto vars:     Size  Location     Type
		None
 Return value:  Size  Location     Type
                  1    wreg      void 
 Registers used:
		wreg, status,2
 Tracked objects:
		On entry : 
		On exit  : 
		Unchanged: 
 Data sizes:     COMMON   BANK0   BANK1   BANK2   BANK3   BANK4   BANK5   BANK6
      Params:         0       0       0       0       0       0       0       0
      Locals:         0       0       0       0       0       0       0       0
      Temps:          0       0       0       0       0       0       0       0
      Totals:         0       0       0       0       0       0       0       0
Total ram usage:        0 bytes
 Hardware stack levels used:    1
 Hardware stack levels required when called:    3
 This function calls:
		Nothing
 This function is called by:
		_SYSTEM_Initialize
 This function uses a non-reentrant model


 *************** function _ADC_SelectChannel *****************
 Defined at:
		line 88 in file "mcc_generated_files/adc.c"
 Parameters:    Size  Location     Type
  channel         1    wreg     enum E4122
 Auto vars:     Size  Location     Type
  channel         1    1[BANK0 ] enum E4122
 Return value:  Size  Location     Type
                  1    wreg      void 
 Registers used:
		wreg, status,2, status,0
 Tracked objects:
		On entry : 
		On exit  : 
		Unchanged: 
 Data sizes:     COMMON   BANK0   BANK1   BANK2   BANK3   BANK4   BANK5   BANK6
      Params:         0       0       0       0       0       0       0       0
      Locals:         0       1       0       0       0       0       0       0
      Temps:          0       1       0       0       0       0       0       0
      Totals:         0       2       0       0       0       0       0       0
Total ram usage:        2 bytes
 Hardware stack levels used:    1
 Hardware stack levels required when called:    3
 This function calls:
		Nothing
 This function is called by:
		_main
 This function uses a non-reentrant model


 *************** function _ADC_GetConversionResult *****************
 Defined at:
		line 109 in file "mcc_generated_files/adc.c"
 Parameters:    Size  Location     Type
		None
 Auto vars:     Size  Location     Type
		None
 Return value:  Size  Location     Type
                  2    0[BANK0 ] unsigned short 
 Registers used:
		wreg
 Tracked objects:
		On entry : 
		On exit  : 
		Unchanged: 
 Data sizes:     COMMON   BANK0   BANK1   BANK2   BANK3   BANK4   BANK5   BANK6
      Params:         0       2       0       0       0       0       0       0
      Locals:         0       0       0       0       0       0       0       0
      Temps:          0       0       0       0       0       0       0       0
      Totals:         0       2       0       0       0       0       0       0
Total ram usage:        2 bytes
 Hardware stack levels used:    1
 Hardware stack levels required when called:    3
 This function calls:
		Nothing
 This function is called by:
		_main
 This function uses a non-reentrant model


 *************** function _INTERRUPT_InterruptManager *****************
 Defined at:
		line 52 in file "mcc_generated_files/interrupt_manager.c"
 Parameters:    Size  Location     Type
		None
 Auto vars:     Size  Location     Type
		None
 Return value:  Size  Location     Type
                  1    wreg      void 
 Registers used:
		wreg, fsr1l, fsr1h, status,2, status,0, pclath, cstack
 Tracked objects:
		On entry : 
		On exit  : 
		Unchanged: 
 Data sizes:     COMMON   BANK0   BANK1   BANK2   BANK3   BANK4   BANK5   BANK6
      Params:         0       0       0       0       0       0       0       0
      Locals:         0       0       0       0       0       0       0       0
      Temps:          0       0       0       0       0       0       0       0
      Totals:         0       0       0       0       0       0       0       0
Total ram usage:        0 bytes
 Hardware stack levels used:    1
 Hardware stack levels required when called:    2
 This function calls:
		_CCP1_CaptureISR
 This function is called by:
		Interrupt level 1
 This function uses a non-reentrant model


 *************** function _CCP1_CaptureISR *****************
 Defined at:
		line 89 in file "mcc_generated_files/ccp1.c"
 Parameters:    Size  Location     Type
		None
 Auto vars:     Size  Location     Type
  module          2    4[COMMON] struct CCPR1Reg_tag
 Return value:  Size  Location     Type
                  1    wreg      void 
 Registers used:
		wreg, fsr1l, fsr1h, status,2, status,0, pclath, cstack
 Tracked objects:
		On entry : 
		On exit  : 
		Unchanged: 
 Data sizes:     COMMON   BANK0   BANK1   BANK2   BANK3   BANK4   BANK5   BANK6
      Params:         0       0       0       0       0       0       0       0
      Locals:         2       0       0       0       0       0       0       0
      Temps:          1       0       0       0       0       0       0       0
      Totals:         3       0       0       0       0       0       0       0
Total ram usage:        3 bytes
 Hardware stack levels used:    1
 Hardware stack levels required when called:    1
 This function calls:
		Absolute function
		_CCP1_ISR_CallBack
 This function is called by:
		_INTERRUPT_InterruptManager
 This function uses a non-reentrant model


 *************** function _CCP1_ISR_CallBack *****************
 Defined at:
		line 6 in file "inductance.c"
 Parameters:    Size  Location     Type
  capturedValu    2    0[COMMON] unsigned short 
 Auto vars:     Size  Location     Type
		None
 Return value:  Size  Location     Type
                  1    wreg      void 
 Registers used:
		wreg, fsr1l, fsr1h, status,2, status,0
 Tracked objects:
		On entry : 
		On exit  : 
		Unchanged: 
 Data sizes:     COMMON   BANK0   BANK1   BANK2   BANK3   BANK4   BANK5   BANK6
      Params:         2       0       0       0       0       0       0       0
      Locals:         0       0       0       0       0       0       0       0
      Temps:          1       0       0       0       0       0       0       0
      Totals:         3       0       0       0       0       0       0       0
Total ram usage:        3 bytes
 Hardware stack levels used:    1
 This function calls:
		Nothing
 This function is called by:
		_CCP1_Initialize
		_CCP1_CaptureISR
 This function uses a non-reentrant model



MODULE INFORMATION

Module		Function		Class		Link	Load	Size
mcc_generated_files/ccp1.c
		_CCP1_SetCallBack		CODE           	0D8F	0000	10
		_CCP1_CaptureISR		CODE           	0E18	0000	23
		_CCP1_Initialize		CODE           	0DF4	0000	19

mcc_generated_files/ccp1.c estimated size: 52

C:\Program Files\Microchip\xc8\v2.20\pic\sources\c99\common\nf_fputc.c
		_fputc         		CODE           	0F66	0000	66

C:\Program Files\Microchip\xc8\v2.20\pic\sources\c99\common\nf_fputc.c estimated size: 66

mcc_generated_files/opa2.c
		_OPA2_Initialize		CODE           	0D55	0000	5

mcc_generated_files/opa2.c estimated size: 5

C:\Program Files\Microchip\xc8\v2.20\pic\sources\c99\common\doprnt.c
		_vfpfcnvrt     		CODE           	02EB	0000	350
		_pad           		CODE           	0FA7	0000	90
		_vfprintf      		CODE           	0F30	0000	55
		_stoa          		CODE           	0530	0000	209
		_utoa          		CODE           	0448	0000	233

C:\Program Files\Microchip\xc8\v2.20\pic\sources\c99\common\doprnt.c estimated size: 937

mcc_generated_files/tmr2.c
		_TMR2_Initialize		CODE           	0D7E	0000	9

mcc_generated_files/tmr2.c estimated size: 9

mcc_generated_files/interrupt_manager.c
		_INTERRUPT_InterruptManager		CODE           	0004	0000	22

mcc_generated_files/interrupt_manager.c estimated size: 22

mcc_generated_files/pin_manager.c
		_PIN_MANAGER_Initialize		CODE           	0ECD	0000	48

mcc_generated_files/pin_manager.c estimated size: 48

C:\Program Files\Microchip\xc8\v2.20\pic\sources\c99\common\lomod.c
		___lomod       		CODE           	0684	0000	114

C:\Program Files\Microchip\xc8\v2.20\pic\sources\c99\common\lomod.c estimated size: 114

mcc_generated_files/adc.c
		_ADC_Initialize		CODE           	0DB3	0000	11
		_ADC_GetConversionResult		CODE           	0D86	0000	10
		_ADC_SelectChannel		CODE           	0DD4	0000	17

mcc_generated_files/adc.c estimated size: 38

mcc_generated_files/clc2.c
		_CLC2_Initialize		CODE           	0DE4	0000	17

mcc_generated_files/clc2.c estimated size: 17

mcc_generated_files/cmp2.c
		_CMP2_Initialize		CODE           	0D5D	0000	7

mcc_generated_files/cmp2.c estimated size: 7

inductance.c
		_CCP1_ISR_CallBack		CODE           	07AD	0000	77

inductance.c estimated size: 77

C:\Program Files\Microchip\xc8\v2.20\pic\sources\c99\common\nf_fputs.c
		_fputs         		CODE           	0EA4	0000	42

C:\Program Files\Microchip\xc8\v2.20\pic\sources\c99\common\nf_fputs.c estimated size: 42

C:\Program Files\Microchip\xc8\v2.20\pic\sources\c99\common\Umul32.c
		___lmul        		CODE           	0EFC	0000	53

C:\Program Files\Microchip\xc8\v2.20\pic\sources\c99\common\Umul32.c estimated size: 53

shared
		__initialization		CODE           	001B	0000	34

shared estimated size: 34

mcc_generated_files/mcc.c
		_WDT_Initialize		CODE           	0D59	0000	5
		_OSCILLATOR_Initialize		CODE           	0D76	0000	9
		_SYSTEM_Initialize		CODE           	0E5E	0000	35

mcc_generated_files/mcc.c estimated size: 49

C:\Program Files\Microchip\xc8\v2.20\pic\sources\c99\common\printf.c
		_printf        		CODE           	0E2E	0000	23

C:\Program Files\Microchip\xc8\v2.20\pic\sources\c99\common\printf.c estimated size: 23

C:\Program Files\Microchip\xc8\v2.20\pic\sources\c99\common\lodiv.c
		___lodiv       		CODE           	0600	0000	133

C:\Program Files\Microchip\xc8\v2.20\pic\sources\c99\common\lodiv.c estimated size: 133

mcc_generated_files/tmr1.c
		_TMR1_Initialize		CODE           	0E06	0000	19

mcc_generated_files/tmr1.c estimated size: 19

C:\Program Files\Microchip\xc8\v2.20\pic\sources\c99\common\strlen.c
		_strlen        		CODE           	0E44	0000	27

C:\Program Files\Microchip\xc8\v2.20\pic\sources\c99\common\strlen.c estimated size: 27

C:\Program Files\Microchip\xc8\v2.20\pic\sources\c99\common\strncmp.c
		_strncmp       		CODE           	06F5	0000	94

C:\Program Files\Microchip\xc8\v2.20\pic\sources\c99\common\strncmp.c estimated size: 94

C:\Program Files\Microchip\xc8\v2.20\pic\sources\c99\common\__lldiv.c
		___lldiv       		CODE           	0752	0000	92

C:\Program Files\Microchip\xc8\v2.20\pic\sources\c99\common\__lldiv.c estimated size: 92

mcc_generated_files/eusart.c
		_putch         		CODE           	0D6F	0000	8
		_EUSART_Write  		CODE           	0DBD	0000	11
		_EUSART_Initialize		CODE           	0E80	0000	37
		_EUSART_SetFramingErrorHandler		CODE           	0DA1	0000	10
		_EUSART_SetErrorHandler		CODE           	0D98	0000	10
		_EUSART_SetOverrunErrorHandler		CODE           	0DAA	0000	10

mcc_generated_files/eusart.c estimated size: 86

main.c
		_main          		CODE           	0040	0000	684

main.c estimated size: 684

